Archive member included to satisfy reference by file (symbol)

../temp_time_machine/DaisyExamples/libDaisy/build/libdaisy.a(codec_pcm3060.o)
                              build/time_machine_hardware.o (daisy::Pcm3060::Init(daisy::I2CHandle))
../temp_time_machine/DaisyExamples/libDaisy/build/libdaisy.a(sdram.o)
                              build/time_machine_hardware.o (SdramHandle::Init())
../temp_time_machine/DaisyExamples/libDaisy/build/libdaisy.a(audio.o)
                              build/time_machine_hardware.o (daisy::AudioHandle::Init(daisy::AudioHandle::Config const&, daisy::SaiHandle))
../temp_time_machine/DaisyExamples/libDaisy/build/libdaisy.a(ctrl.o)
                              build/time_machine_hardware.o (daisy::AnalogControl::Init(unsigned short*, float, bool, bool, float))
../temp_time_machine/DaisyExamples/libDaisy/build/libdaisy.a(gatein.o)
                              build/time_machine_hardware.o (daisy::GateIn::Init(dsy_gpio_pin*, bool))
../temp_time_machine/DaisyExamples/libDaisy/build/libdaisy.a(adc.o)
                              build/time_machine_hardware.o (daisy::AdcChannelConfig::InitSingle(dsy_gpio_pin, daisy::AdcChannelConfig::ConversionSpeed))
../temp_time_machine/DaisyExamples/libDaisy/build/libdaisy.a(gpio.o)
                              ../temp_time_machine/DaisyExamples/libDaisy/build/libdaisy.a(gatein.o) (daisy::GPIO::Init(daisy::Pin, daisy::GPIO::Mode, daisy::GPIO::Pull, daisy::GPIO::Speed))
../temp_time_machine/DaisyExamples/libDaisy/build/libdaisy.a(i2c.o)
                              build/time_machine_hardware.o (daisy::I2CHandle::Init(daisy::I2CHandle::Config const&))
../temp_time_machine/DaisyExamples/libDaisy/build/libdaisy.a(qspi.o)
                              build/time_machine_hardware.o (daisy::QSPIHandle::Init(daisy::QSPIHandle::Config const&))
../temp_time_machine/DaisyExamples/libDaisy/build/libdaisy.a(sai.o)
                              build/time_machine_hardware.o (daisy::SaiHandle::Init(daisy::SaiHandle::Config const&))
../temp_time_machine/DaisyExamples/libDaisy/build/libdaisy.a(system.o)
                              build/main.o (daisy::System::GetNow())
../temp_time_machine/DaisyExamples/libDaisy/build/libdaisy.a(system_stm32h7xx.o)
                              build/startup_stm32h750xx.o (SystemInit)
../temp_time_machine/DaisyExamples/libDaisy/build/libdaisy.a(usbd_conf.o)
                              ../temp_time_machine/DaisyExamples/libDaisy/build/libdaisy.a(system.o) (hpcd_USB_OTG_HS)
../temp_time_machine/DaisyExamples/libDaisy/build/libdaisy.a(usbh_conf.o)
                              ../temp_time_machine/DaisyExamples/libDaisy/build/libdaisy.a(system.o) (hhcd_USB_OTG_HS)
../temp_time_machine/DaisyExamples/libDaisy/build/libdaisy.a(hal_map.o)
                              ../temp_time_machine/DaisyExamples/libDaisy/build/libdaisy.a(gpio.o) (dsy_hal_map_get_port)
../temp_time_machine/DaisyExamples/libDaisy/build/libdaisy.a(stm32h7xx_hal.o)
                              ../temp_time_machine/DaisyExamples/libDaisy/build/libdaisy.a(system.o) (HAL_Init)
../temp_time_machine/DaisyExamples/libDaisy/build/libdaisy.a(stm32h7xx_hal_adc.o)
                              ../temp_time_machine/DaisyExamples/libDaisy/build/libdaisy.a(adc.o) (HAL_ADC_ConfigChannel)
../temp_time_machine/DaisyExamples/libDaisy/build/libdaisy.a(stm32h7xx_hal_adc_ex.o)
                              ../temp_time_machine/DaisyExamples/libDaisy/build/libdaisy.a(adc.o) (HAL_ADCEx_Calibration_Start)
../temp_time_machine/DaisyExamples/libDaisy/build/libdaisy.a(stm32h7xx_hal_cortex.o)
                              ../temp_time_machine/DaisyExamples/libDaisy/build/libdaisy.a(stm32h7xx_hal.o) (HAL_NVIC_SetPriorityGrouping)
../temp_time_machine/DaisyExamples/libDaisy/build/libdaisy.a(stm32h7xx_hal_dma.o)
                              ../temp_time_machine/DaisyExamples/libDaisy/build/libdaisy.a(adc.o) (HAL_DMA_Init)
../temp_time_machine/DaisyExamples/libDaisy/build/libdaisy.a(stm32h7xx_hal_gpio.o)
                              ../temp_time_machine/DaisyExamples/libDaisy/build/libdaisy.a(sdram.o) (HAL_GPIO_Init)
../temp_time_machine/DaisyExamples/libDaisy/build/libdaisy.a(stm32h7xx_hal_hcd.o)
                              ../temp_time_machine/DaisyExamples/libDaisy/build/libdaisy.a(usbh_conf.o) (HAL_HCD_HC_Init)
../temp_time_machine/DaisyExamples/libDaisy/build/libdaisy.a(stm32h7xx_hal_i2c.o)
                              ../temp_time_machine/DaisyExamples/libDaisy/build/libdaisy.a(i2c.o) (HAL_I2C_Init)
../temp_time_machine/DaisyExamples/libDaisy/build/libdaisy.a(stm32h7xx_hal_i2c_ex.o)
                              ../temp_time_machine/DaisyExamples/libDaisy/build/libdaisy.a(i2c.o) (HAL_I2CEx_ConfigAnalogFilter)
../temp_time_machine/DaisyExamples/libDaisy/build/libdaisy.a(stm32h7xx_hal_pcd.o)
                              ../temp_time_machine/DaisyExamples/libDaisy/build/libdaisy.a(usbd_conf.o) (HAL_PCD_Init)
[...]
Memory Configuration

Name             Origin             Length             Attributes
FLASH            0x08000000         0x00020000         xr
DTCMRAM          0x20000000         0x00020000         xrw
SRAM             0x24000000         0x00080000         xrw
RAM_D2           0x30000000         0x00048000         xrw
RAM_D3           0x38000000         0x00010000         xrw
BACKUP_SRAM      0x38800000         0x00001000         xrw
ITCMRAM          0x00000000         0x00010000         xrw
SDRAM            0xc0000000         0x04000000         xrw
QSPIFLASH        0x90000000         0x00800000         xr
*default*        0x00000000         0xffffffff

Linker script and memory map

LOAD /Applications/ArmGNUToolchain/14.3.rel1/arm-none-eabi/bin/../lib/gcc/arm-none-eabi/14.3.1/thumb/v7e-m+dp/hard/crti.o
LOAD /Applications/ArmGNUToolchain/14.3.rel1/arm-none-eabi/bin/../lib/gcc/arm-none-eabi/14.3.1/thumb/v7e-m+dp/hard/crtbegin.o
LOAD /Applications/ArmGNUToolchain/14.3.rel1/arm-none-eabi/bin/../lib/gcc/arm-none-eabi/14.3.1/../../../../arm-none-eabi/lib/thumb/v7e-m+dp/hard/crt0.o
LOAD build/startup_stm32h750xx.o
LOAD build/main.o
LOAD build/time_machine_hardware.o
LOAD ../temp_time_machine/DaisyExamples/libDaisy/build/libdaisy.a
LOAD /Applications/ArmGNUToolchain/14.3.rel1/arm-none-eabi/bin/../lib/gcc/arm-none-eabi/14.3.1/../../../../arm-none-eabi/lib/thumb/v7e-m+dp/hard/libnosys.a
LOAD ../temp_time_machine/DaisyExamples/DaisySP//build/libdaisysp.a
LOAD ../temp_time_machine/DaisyExamples/DaisySP//DaisySP-LGPL/build/libdaisysp-lgpl.a
LOAD /Applications/ArmGNUToolchain/14.3.rel1/arm-none-eabi/bin/../lib/gcc/arm-none-eabi/14.3.1/../../../../arm-none-eabi/lib/thumb/v7e-m+dp/hard/libstdc++_nano.a
LOAD /Applications/ArmGNUToolchain/14.3.rel1/arm-none-eabi/bin/../lib/gcc/arm-none-eabi/14.3.1/../../../../arm-none-eabi/lib/thumb/v7e-m+dp/hard/libm.a
LOAD /Applications/ArmGNUToolchain/14.3.rel1/arm-none-eabi/bin/../lib/gcc/arm-none-eabi/14.3.1/../../../../arm-none-eabi/lib/thumb/v7e-m+dp/hard/libc_nano.a
START GROUP
LOAD /Applications/ArmGNUToolchain/14.3.rel1/arm-none-eabi/bin/../lib/gcc/arm-none-eabi/14.3.1/thumb/v7e-m+dp/hard/libgcc.a
LOAD /Applications/ArmGNUToolchain/14.3.rel1/arm-none-eabi/bin/../lib/gcc/arm-none-eabi/14.3.1/../../../../arm-none-eabi/lib/thumb/v7e-m+dp/hard/libc_nano.a
END GROUP
START GROUP
LOAD /Applications/ArmGNUToolchain/14.3.rel1/arm-none-eabi/bin/../lib/gcc/arm-none-eabi/14.3.1/thumb/v7e-m+dp/hard/libgcc.a
LOAD /Applications/ArmGNUToolchain/14.3.rel1/arm-none-eabi/bin/../lib/gcc/arm-none-eabi/14.3.1/../../../../arm-none-eabi/lib/thumb/v7e-m+dp/hard/libc_nano.a
LOAD /Applications/ArmGNUToolchain/14.3.rel1/arm-none-eabi/bin/../lib/gcc/arm-none-eabi/14.3.1/../../../../arm-none-eabi/lib/thumb/v7e-m+dp/hard/libnosys.a
END GROUP
START GROUP
LOAD /Applications/ArmGNUToolchain/14.3.rel1/arm-none-eabi/bin/../lib/gcc/arm-none-eabi/14.3.1/thumb/v7e-m+dp/hard/libgcc.a
LOAD /Applications/ArmGNUToolchain/14.3.rel1/arm-none-eabi/bin/../lib/gcc/arm-none-eabi/14.3.1/../../../../arm-none-eabi/lib/thumb/v7e-m+dp/hard/libc_nano.a
LOAD /Applications/ArmGNUToolchain/14.3.rel1/arm-none-eabi/bin/../lib/gcc/arm-none-eabi/14.3.1/../../../../arm-none-eabi/lib/thumb/v7e-m+dp/hard/libnosys.a
END GROUP
LOAD /Applications/ArmGNUToolchain/14.3.rel1/arm-none-eabi/bin/../lib/gcc/arm-none-eabi/14.3.1/thumb/v7e-m+dp/hard/crtend.o
LOAD /Applications/ArmGNUToolchain/14.3.rel1/arm-none-eabi/bin/../lib/gcc/arm-none-eabi/14.3.1/thumb/v7e-m+dp/hard/crtn.o
                0x20020000                        _estack = 0x20020000

.isr_vector     0x08000000      0x298
                0x08000000                        . = ALIGN (0x4)
 *(.isr_vector)
 .isr_vector    0x08000000      0x298 build/startup_stm32h750xx.o
                0x08000000                g_pfnVectors
                0x08000298                        . = ALIGN (0x4)

.text           0x080002a0    0x14b40
                0x080002a0                        . = ALIGN (0x4)
                0x080002a0                        _stext = .
 *(.text)
 .text          0x080002a0       0xa0 /Applications/ArmGNUToolchain/14.3.rel1/arm-none-eabi/bin/../lib/gcc/arm-none-eabi/14.3.1/../../../../arm-none-eabi/lib/thumb/v7e-m+dp/hard/libc_nano.a(libc_a-memchr.o)
                0x080002a0                memchr
 .text          0x08000340      0x378 /Applications/ArmGNUToolchain/14.3.rel1/arm-none-eabi/bin/../lib/gcc/arm-none-eabi/14.3.1/thumb/v7e-m+dp/hard/libgcc.a(_arm_addsubdf3.o)
                0x08000340                __aeabi_drsub
                0x08000348                __subdf3
                0x08000348                __aeabi_dsub
                0x0800034c                __aeabi_dadd
                0x0800034c                __adddf3
                0x080005c4                __aeabi_ui2d
                0x080005c4                __floatunsidf
                0x080005e4                __floatsidf
                0x080005e4                __aeabi_i2d
                0x08000608                __extendsfdf2
                0x08000608                __aeabi_f2d
                0x0800064c                __aeabi_ul2d
                0x0800064c                __floatundidf
                0x0800065c                __aeabi_l2d
                0x0800065c                __floatdidf
 .text          0x080006b8       0x30 /Applications/ArmGNUToolchain/14.3.rel1/arm-none-eabi/bin/../lib/gcc/arm-none-eabi/14.3.1/thumb/v7e-m+dp/hard/libgcc.a(_aeabi_uldivmod.o)
                0x080006b8                __aeabi_uldivmod
 .text          0x080006e8        0x4 /Applications/ArmGNUToolchain/14.3.rel1/arm-none-eabi/bin/../lib/gcc/arm-none-eabi/14.3.1/thumb/v7e-m+dp/hard/libgcc.a(_dvmd_tls.o)
                0x080006e8                __aeabi_ldiv0
                0x080006e8                __aeabi_idiv0
 *(.text*)
 .text.deregister_tm_clones
                0x080006ec       0x1c /Applications/ArmGNUToolchain/14.3.rel1/arm-none-eabi/bin/../lib/gcc/arm-none-eabi/14.3.1/thumb/v7e-m+dp/hard/crtbegin.o
 .text.register_tm_clones
                0x08000708       0x24 /Applications/ArmGNUToolchain/14.3.rel1/arm-none-eabi/bin/../lib/gcc/arm-none-eabi/14.3.1/thumb/v7e-m+dp/hard/crtbegin.o
 .text.__do_global_dtors_aux
                0x0800072c       0x28 /Applications/ArmGNUToolchain/14.3.rel1/arm-none-eabi/bin/../lib/gcc/arm-none-eabi/14.3.1/thumb/v7e-m+dp/hard/crtbegin.o
 .text.frame_dummy
                0x08000754       0x24 /Applications/ArmGNUToolchain/14.3.rel1/arm-none-eabi/bin/../lib/gcc/arm-none-eabi/14.3.1/thumb/v7e-m+dp/hard/crtbegin.o
 .text.Default_Handler
                0x08000778        0x4 build/startup_stm32h750xx.o
                0x08000778                SAI1_IRQHandler
                0x08000778                HASH_RNG_IRQHandler
                0x08000778                EXTI2_IRQHandler
                0x08000778                TIM8_CC_IRQHandler
                0x08000778                HRTIM1_Master_IRQHandler
                0x08000778                DebugMon_Handler
                0x08000778                TIM1_CC_IRQHandler
                0x08000778                BDMA_Channel6_IRQHandler
                0x08000778                DMA2_Stream5_IRQHandler
                0x08000778                HRTIM1_FLT_IRQHandler
                0x08000778                JPEG_IRQHandler
                0x08000778                BDMA_Channel1_IRQHandler
                0x08000778                HRTIM1_TIMD_IRQHandler
                0x08000778                TAMP_STAMP_IRQHandler
                0x08000778                PendSV_Handler
                0x08000778                NMI_Handler
                0x08000778                EXTI3_IRQHandler
                0x08000778                LPTIM4_IRQHandler
                0x08000778                TIM8_TRG_COM_TIM14_IRQHandler
                0x08000778                LPTIM2_IRQHandler
                0x08000778                DFSDM1_FLT1_IRQHandler
                0x08000778                DMAMUX2_OVR_IRQHandler
                0x08000778                TIM8_UP_TIM13_IRQHandler
                0x08000778                I2C3_ER_IRQHandler
                0x08000778                DFSDM1_FLT2_IRQHandler
                0x08000778                MDMA_IRQHandler
                0x08000778                LPTIM3_IRQHandler
                0x08000778                HSEM1_IRQHandler
                0x08000778                EXTI0_IRQHandler
                0x08000778                FPU_IRQHandler
                0x08000778                OTG_HS_WKUP_IRQHandler
                0x08000778                FDCAN1_IT1_IRQHandler
                0x08000778                UsageFault_Handler
                0x08000778                LTDC_ER_IRQHandler
                0x08000778                HRTIM1_TIME_IRQHandler
                0x08000778                TIM6_DAC_IRQHandler
                0x08000778                DCMI_IRQHandler
                0x08000778                HRTIM1_TIMC_IRQHandler
                0x08000778                SAI2_IRQHandler
                0x08000778                DFSDM1_FLT3_IRQHandler
                0x08000778                TIM17_IRQHandler
                0x08000778                CRYP_IRQHandler
                0x08000778                BDMA_Channel7_IRQHandler
                0x08000778                LPTIM5_IRQHandler
                0x08000778                ADC3_IRQHandler
                0x08000778                DMA2_Stream0_IRQHandler
                0x08000778                BDMA_Channel2_IRQHandler
                0x08000778                DMAMUX1_OVR_IRQHandler
                0x08000778                TIM16_IRQHandler
                0x08000778                BDMA_Channel5_IRQHandler
                0x08000778                RCC_IRQHandler
                0x08000778                TIM8_BRK_TIM12_IRQHandler
                0x08000778                TIM1_TRG_COM_IRQHandler
                0x08000778                Default_Handler
                0x08000778                ECC_IRQHandler
                0x08000778                CEC_IRQHandler
                0x08000778                EXTI15_10_IRQHandler
                0x08000778                BDMA_Channel0_IRQHandler
                0x08000778                ADC_IRQHandler
                0x08000778                DMA1_Stream7_IRQHandler
                0x08000778                HRTIM1_TIMA_IRQHandler
                0x08000778                TIM7_IRQHandler
                0x08000778                SDMMC1_IRQHandler
                0x08000778                DMA2_Stream7_IRQHandler
                0x08000778                TIM15_IRQHandler
                0x08000778                PVD_AVD_IRQHandler
                0x08000778                EXTI9_5_IRQHandler
                0x08000778                RTC_WKUP_IRQHandler
                0x08000778                LTDC_IRQHandler
                0x08000778                SAI3_IRQHandler
                0x08000778                ETH_WKUP_IRQHandler
                0x08000778                SPDIF_RX_IRQHandler
                0x08000778                MemManage_Handler
                0x08000778                SVC_Handler
                0x08000778                CRS_IRQHandler
                0x08000778                EXTI4_IRQHandler
                0x08000778                HRTIM1_TIMB_IRQHandler
                0x08000778                FDCAN2_IT1_IRQHandler
                0x08000778                ETH_IRQHandler
                0x08000778                TIM1_UP_IRQHandler
                0x08000778                BDMA_Channel4_IRQHandler
                0x08000778                WWDG_IRQHandler
                0x08000778                SPI6_IRQHandler
                0x08000778                I2C4_EV_IRQHandler
                0x08000778                MDIOS_IRQHandler
                0x08000778                FDCAN2_IT0_IRQHandler
                0x08000778                FDCAN1_IT0_IRQHandler
                0x08000778                OTG_FS_WKUP_IRQHandler
                0x08000778                DMA2D_IRQHandler
                0x08000778                TIM1_BRK_IRQHandler
                0x08000778                EXTI1_IRQHandler
                0x08000778                SDMMC2_IRQHandler
                0x08000778                OTG_FS_EP1_OUT_IRQHandler
                0x08000778                BDMA_Channel3_IRQHandler
                0x08000778                MDIOS_WKUP_IRQHandler
                0x08000778                DFSDM1_FLT0_IRQHandler
                0x08000778                SAI4_IRQHandler
                0x08000778                I2C2_ER_IRQHandler
                0x08000778                DMA2_Stream1_IRQHandler
                0x08000778                FLASH_IRQHandler
                0x08000778                BusFault_Handler
                0x08000778                OTG_FS_IRQHandler
                0x08000778                WAKEUP_PIN_IRQHandler
                0x08000778                OTG_FS_EP1_IN_IRQHandler
                0x08000778                I2C1_ER_IRQHandler
                0x08000778                FMC_IRQHandler
                0x08000778                FDCAN_CAL_IRQHandler
                0x08000778                SWPMI1_IRQHandler
                0x08000778                COMP1_IRQHandler
                0x08000778                LPTIM1_IRQHandler
                0x08000778                I2C4_ER_IRQHandler
                0x08000778                DMA2_Stream6_IRQHandler
                0x08000778                RTC_Alarm_IRQHandler
 .text.Reset_Handler
                0x0800077c       0x48 build/startup_stm32h750xx.o
                0x0800077c                Reset_Handler
 .text._ZN3oam12time_machine19TimeMachineHardwareD2Ev
                0x080007c4        0x4 build/main.o
                0x080007c4                oam::time_machine::TimeMachineHardware::~TimeMachineHardware()
                0x080007c4                oam::time_machine::TimeMachineHardware::~TimeMachineHardware()
 .text.__tcf_0  0x080007c8        0x4 build/main.o
 .text._ZN7UberFDNILi8EED2Ev
                0x080007cc        0x4 build/main.o
                0x080007cc                UberFDN<8>::~UberFDN()
                0x080007cc                UberFDN<8>::~UberFDN()
 .text._ZN19OmniResonatorEngineD2Ev
                0x080007d0        0x4 build/main.o
                0x080007d0                OmniResonatorEngine::~OmniResonatorEngine()
                0x080007d0                OmniResonatorEngine::~OmniResonatorEngine()
 .text._ZN3oam6legacy18LegacyStereoEngineD2Ev
                0x080007d4        0x4 build/main.o
                0x080007d4                oam::legacy::LegacyStereoEngine::~LegacyStereoEngine()
                0x080007d4                oam::legacy::LegacyStereoEngine::~LegacyStereoEngine()
 .text._ZN7daisysp12PitchShifter7ProcessERf
                0x080007d8      0x2c8 build/main.o
                0x080007d8                daisysp::PitchShifter::Process(float&)
 .text._ZN3oam6legacy16LegacyMonoEngine7ProcessEf
                0x08000aa0      0x30c build/main.o
                0x08000aa0                oam::legacy::LegacyMonoEngine::Process(float)
 .text._ZN19OmniResonatorEngine12ProcessBlockEPKfS1_PfS2_jS1_fff
                0x08000dac      0x278 build/main.o
                0x08000dac                OmniResonatorEngine::ProcessBlock(float const*, float const*, float*, float*, unsigned int, float const*, float, float, float)
 .text._ZN3oam6legacy16LegacyMonoEngineC2Ev
                0x08001024       0x74 build/main.o
                0x08001024                oam::legacy::LegacyMonoEngine::LegacyMonoEngine()
                0x08001024                oam::legacy::LegacyMonoEngine::LegacyMonoEngine()
 .text._ZN7UberFDNILi8EE12ProcessBlockEPKfS2_PfS3_jS2_fff
                0x08001098      0xab8 build/main.o
                0x08001098                UberFDN<8>::ProcessBlock(float const*, float const*, float*, float*, unsigned int, float const*, float, float, float)
 .text._Z17AudioCallbackRealPKPKfPPfj
                0x08001b50      0x1b8 build/main.o
                0x08001b50                AudioCallbackReal(float const* const*, float**, unsigned int)
 .text._ZN7UberFDNILi8EE4InitEfPf
                0x08001d08      0x50c build/main.o
                0x08001d08                UberFDN<8>::Init(float, float*)
 .text.startup.main
                0x08002214      0x67c build/main.o
                0x08002214                main
 .text.startup._GLOBAL__sub_I_hw
                0x08002890       0xb4 build/main.o
 .text._ZN3oam12time_machine19TimeMachineHardware4InitEv
                0x08002944      0x30c build/time_machine_hardware.o
                0x08002944                oam::time_machine::TimeMachineHardware::Init()
 .text._ZN3oam12time_machine19TimeMachineHardware10StartAudioEPFvPKPKfPPfjE
                0x08002c50        0x8 build/time_machine_hardware.o
                0x08002c50                oam::time_machine::TimeMachineHardware::StartAudio(void (*)(float const* const*, float**, unsigned int))
 .text._ZN3oam12time_machine19TimeMachineHardware17SetAudioBlockSizeEj
                0x08002c58       0x54 build/time_machine_hardware.o
                0x08002c58                oam::time_machine::TimeMachineHardware::SetAudioBlockSize(unsigned int)
 .text._ZN3oam12time_machine19TimeMachineHardware15AudioSampleRateEv
                0x08002cac        0x8 build/time_machine_hardware.o
                0x08002cac                oam::time_machine::TimeMachineHardware::AudioSampleRate()
 .text._ZN3oam12time_machine19TimeMachineHardware21ProcessAnalogControlsEv
                0x08002cb4       0x18 build/time_machine_hardware.o
                0x08002cb4                oam::time_machine::TimeMachineHardware::ProcessAnalogControls()
 .text._ZN3oam12time_machine19TimeMachineHardware22ProcessDigitalControlsEv
                0x08002ccc        0x4 build/time_machine_hardware.o
                0x08002ccc                oam::time_machine::TimeMachineHardware::ProcessDigitalControls()
 .text._ZN3oam12time_machine19TimeMachineHardware11GetAdcValueEi
                0x08002cd0        0xc build/time_machine_hardware.o
                0x08002cd0                oam::time_machine::TimeMachineHardware::GetAdcValue(int)
 .text._ZN3oam12time_machine19TimeMachineHardware14GetSliderValueEi
                0x08002cdc       0x4c build/time_machine_hardware.o
                0x08002cdc                oam::time_machine::TimeMachineHardware::GetSliderValue(int)
 .text._ZN3oam12time_machine19TimeMachineHardware6SetLedEb
                0x08002d28        0x8 build/time_machine_hardware.o
                0x08002d28                oam::time_machine::TimeMachineHardware::SetLed(bool)
 .text._ZN5daisy7Pcm30604InitENS_9I2CHandleE
                0x08002d30      0x170 ../temp_time_machine/DaisyExamples/libDaisy/build/libdaisy.a(codec_pcm3060.o)
                0x08002d30                daisy::Pcm3060::Init(daisy::I2CHandle)
 .text._ZN11SdramHandle10DeviceInitEv
                0x08002ea0       0x88 ../temp_time_machine/DaisyExamples/libDaisy/build/libdaisy.a(sdram.o)
                0x08002ea0                SdramHandle::DeviceInit()
 .text._ZN11SdramHandle4InitEv
                0x08002f28       0x80 ../temp_time_machine/DaisyExamples/libDaisy/build/libdaisy.a(sdram.o)
                0x08002f28                SdramHandle::Init()
 .text.HAL_SDRAM_MspInit
                0x08002fa8      0x19c ../temp_time_machine/DaisyExamples/libDaisy/build/libdaisy.a(sdram.o)
                0x08002fa8                HAL_SDRAM_MspInit
 .text._ZN5daisy11AudioHandle4Impl16InternalCallbackEPlS2_j
                0x08003144      0xd14 ../temp_time_machine/DaisyExamples/libDaisy/build/libdaisy.a(audio.o)
                0x08003144                daisy::AudioHandle::Impl::InternalCallback(long*, long*, unsigned int)
 .text._ZN5daisy11AudioHandle4InitERKNS0_6ConfigENS_9SaiHandleE
                0x08003e58       0x70 ../temp_time_machine/DaisyExamples/libDaisy/build/libdaisy.a(audio.o)
                0x08003e58                daisy::AudioHandle::Init(daisy::AudioHandle::Config const&, daisy::SaiHandle)
 .text._ZNK5daisy11AudioHandle9GetConfigEv
                0x08003ec8        0x8 ../temp_time_machine/DaisyExamples/libDaisy/build/libdaisy.a(audio.o)
                0x08003ec8                daisy::AudioHandle::GetConfig() const
 .text._ZN5daisy11AudioHandle12SetBlockSizeEj
                0x08003ed0       0x1c ../temp_time_machine/DaisyExamples/libDaisy/build/libdaisy.a(audio.o)
                0x08003ed0                daisy::AudioHandle::SetBlockSize(unsigned int)
 .text._ZN5daisy11AudioHandle13GetSampleRateEv
                0x08003eec        0x8 ../temp_time_machine/DaisyExamples/libDaisy/build/libdaisy.a(audio.o)
                0x08003eec                daisy::AudioHandle::GetSampleRate()
 .text._ZN5daisy11AudioHandle5StartEPFvPKPKfPPfjE
                0x08003ef4       0x44 ../temp_time_machine/DaisyExamples/libDaisy/build/libdaisy.a(audio.o)
                0x08003ef4                daisy::AudioHandle::Start(void (*)(float const* const*, float**, unsigned int))
 .text.startup._GLOBAL__sub_I__ZN5daisy11AudioHandle4Impl4InitENS0_6ConfigENS_9SaiHandleE
                0x08003f38       0x20 ../temp_time_machine/DaisyExamples/libDaisy/build/libdaisy.a(audio.o)
 .text._ZN5daisy13AnalogControl4InitEPtfbbf
                0x08003f58       0x64 ../temp_time_machine/DaisyExamples/libDaisy/build/libdaisy.a(ctrl.o)
                0x08003f58                daisy::AnalogControl::Init(unsigned short*, float, bool, bool, float)
 .text._ZN5daisy13AnalogControl13InitBipolarCvEPtf
                0x08003fbc       0x68 ../temp_time_machine/DaisyExamples/libDaisy/build/libdaisy.a(ctrl.o)
                0x08003fbc                daisy::AnalogControl::InitBipolarCv(unsigned short*, float)
 .text._ZN5daisy13AnalogControl7ProcessEv
                0x08004024       0x48 ../temp_time_machine/DaisyExamples/libDaisy/build/libdaisy.a(ctrl.o)
                0x08004024                daisy::AnalogControl::Process()
 .text._ZN5daisy13AnalogControl13SetSampleRateEf
                0x0800406c       0x50 ../temp_time_machine/DaisyExamples/libDaisy/build/libdaisy.a(ctrl.o)
                0x0800406c                daisy::AnalogControl::SetSampleRate(float)
 .text._ZN5daisy6GateIn4InitEP12dsy_gpio_pinb
                0x080040bc       0x24 ../temp_time_machine/DaisyExamples/libDaisy/build/libdaisy.a(gatein.o)
                0x080040bc                daisy::GateIn::Init(dsy_gpio_pin*, bool)
 .text._ZN5daisy16AdcChannelConfig10InitSingleE12dsy_gpio_pinNS0_15ConversionSpeedE
                0x080040e0       0x28 ../temp_time_machine/DaisyExamples/libDaisy/build/libdaisy.a(adc.o)
                0x080040e0                daisy::AdcChannelConfig::InitSingle(dsy_gpio_pin, daisy::AdcChannelConfig::ConversionSpeed)
 .text._ZN5daisy16AdcChannelConfig7InitMuxE12dsy_gpio_pinjS1_S1_S1_NS0_15ConversionSpeedE
                0x08004108       0x74 ../temp_time_machine/DaisyExamples/libDaisy/build/libdaisy.a(adc.o)
                0x08004108                daisy::AdcChannelConfig::InitMux(dsy_gpio_pin, unsigned int, dsy_gpio_pin, dsy_gpio_pin, dsy_gpio_pin, daisy::AdcChannelConfig::ConversionSpeed)
 .text._ZN5daisy9AdcHandle4InitEPNS_16AdcChannelConfigEjNS0_12OverSamplingE
                0x0800417c      0x3e4 ../temp_time_machine/DaisyExamples/libDaisy/build/libdaisy.a(adc.o)
                0x0800417c                daisy::AdcHandle::Init(daisy::AdcChannelConfig*, unsigned int, daisy::AdcHandle::OverSampling)
 .text._ZN5daisy9AdcHandle5StartEv
                0x08004560       0x28 ../temp_time_machine/DaisyExamples/libDaisy/build/libdaisy.a(adc.o)
                0x08004560                daisy::AdcHandle::Start()
 .text._ZNK5daisy9AdcHandle6GetPtrEh
                0x08004588       0x14 ../temp_time_machine/DaisyExamples/libDaisy/build/libdaisy.a(adc.o)
                0x08004588                daisy::AdcHandle::GetPtr(unsigned char) const
 .text._ZNK5daisy9AdcHandle8GetFloatEh
                0x0800459c       0x20 ../temp_time_machine/DaisyExamples/libDaisy/build/libdaisy.a(adc.o)
                0x0800459c                daisy::AdcHandle::GetFloat(unsigned char) const
 .text._ZNK5daisy9AdcHandle9GetMuxPtrEhh
                0x080045bc       0x18 ../temp_time_machine/DaisyExamples/libDaisy/build/libdaisy.a(adc.o)
                0x080045bc                daisy::AdcHandle::GetMuxPtr(unsigned char, unsigned char) const
 .text._ZNK5daisy9AdcHandle11GetMuxFloatEhh
                0x080045d4       0x20 ../temp_time_machine/DaisyExamples/libDaisy/build/libdaisy.a(adc.o)
                0x080045d4                daisy::AdcHandle::GetMuxFloat(unsigned char, unsigned char) const
 .text.HAL_ADC_MspInit
                0x080045f4       0x94 ../temp_time_machine/DaisyExamples/libDaisy/build/libdaisy.a(adc.o)
                0x080045f4                HAL_ADC_MspInit
 .text.DMA1_Stream2_IRQHandler
                0x08004688        0xc ../temp_time_machine/DaisyExamples/libDaisy/build/libdaisy.a(adc.o)
                0x08004688                DMA1_Stream2_IRQHandler
 .text.HAL_ADC_ConvCpltCallback
                0x08004694      0x11c ../temp_time_machine/DaisyExamples/libDaisy/build/libdaisy.a(adc.o)
                0x08004694                HAL_ADC_ConvCpltCallback
 .text.HAL_ADC_ErrorCallback
                0x080047b0        0x4 ../temp_time_machine/DaisyExamples/libDaisy/build/libdaisy.a(adc.o)
                0x080047b0                HAL_ADC_ErrorCallback
 .text._ZN5daisy4GPIO4InitENS_3PinENS0_4ModeENS0_4PullENS0_5SpeedE
                0x080047b4      0x21c ../temp_time_machine/DaisyExamples/libDaisy/build/libdaisy.a(gpio.o)
                0x080047b4                daisy::GPIO::Init(daisy::Pin, daisy::GPIO::Mode, daisy::GPIO::Pull, daisy::GPIO::Speed)
 .text.dsy_gpio_init
                0x080049d0      0x1bc ../temp_time_machine/DaisyExamples/libDaisy/build/libdaisy.a(gpio.o)
                0x080049d0                dsy_gpio_init
 .text.dsy_gpio_write
                0x08004b8c       0x24 ../temp_time_machine/DaisyExamples/libDaisy/build/libdaisy.a(gpio.o)
                0x08004b8c                dsy_gpio_write
 .text._ZN5daisy9I2CHandle4Impl8InitPinsEv
                0x08004bb0       0x58 ../temp_time_machine/DaisyExamples/libDaisy/build/libdaisy.a(i2c.o)
                0x08004bb0                daisy::I2CHandle::Impl::InitPins()
 .text.HAL_I2C_MspInit
                0x08004c08      0x1b4 ../temp_time_machine/DaisyExamples/libDaisy/build/libdaisy.a(i2c.o)
                0x08004c08                HAL_I2C_MspInit
 .text.dsy_i2c_global_init
                0x08004dbc       0x70 ../temp_time_machine/DaisyExamples/libDaisy/build/libdaisy.a(i2c.o)
                0x08004dbc                dsy_i2c_global_init
 .text.DMA1_Stream6_IRQHandler
                0x08004e2c       0x30 ../temp_time_machine/DaisyExamples/libDaisy/build/libdaisy.a(i2c.o)
                0x08004e2c                DMA1_Stream6_IRQHandler
 .text.I2C1_EV_IRQHandler
                0x08004e5c        0xc ../temp_time_machine/DaisyExamples/libDaisy/build/libdaisy.a(i2c.o)
                0x08004e5c                I2C1_EV_IRQHandler
 .text.I2C2_EV_IRQHandler
                0x08004e68        0xc ../temp_time_machine/DaisyExamples/libDaisy/build/libdaisy.a(i2c.o)
                0x08004e68                I2C2_EV_IRQHandler
 .text.I2C3_EV_IRQHandler
                0x08004e74        0xc ../temp_time_machine/DaisyExamples/libDaisy/build/libdaisy.a(i2c.o)
                0x08004e74                I2C3_EV_IRQHandler
 .text._ZN5daisy9I2CHandle4InitERKNS0_6ConfigE
                0x08004e80      0x120 ../temp_time_machine/DaisyExamples/libDaisy/build/libdaisy.a(i2c.o)
                0x08004e80                daisy::I2CHandle::Init(daisy::I2CHandle::Config const&)
 .text._ZN5daisy9I2CHandle17ReadDataAtAddressEtttPhtm
                0x08004fa0       0x4c ../temp_time_machine/DaisyExamples/libDaisy/build/libdaisy.a(i2c.o)
                0x08004fa0                daisy::I2CHandle::ReadDataAtAddress(unsigned short, unsigned short, unsigned short, unsigned char*, unsigned short, unsigned long)
 .text._ZN5daisy9I2CHandle18WriteDataAtAddressEtttPhtm
                0x08004fec       0x4c ../temp_time_machine/DaisyExamples/libDaisy/build/libdaisy.a(i2c.o)
                0x08004fec                daisy::I2CHandle::WriteDataAtAddress(unsigned short, unsigned short, unsigned short, unsigned char*, unsigned short, unsigned long)
 .text.startup._GLOBAL__sub_I__ZN5daisy9I2CHandle4Impl10GlobalInitEv
                0x08005038       0x18 ../temp_time_machine/DaisyExamples/libDaisy/build/libdaisy.a(i2c.o)
 .text._ZN5daisy10QSPIHandle4Impl11WriteEnableEv
                0x08005050       0x88 ../temp_time_machine/DaisyExamples/libDaisy/build/libdaisy.a(qspi.o)
                0x08005050                daisy::QSPIHandle::Impl::WriteEnable()
 .text._ZN5daisy10QSPIHandle4Impl17DummyCyclesConfigENS0_6Config6DeviceE
                0x080050d8      0x108 ../temp_time_machine/DaisyExamples/libDaisy/build/libdaisy.a(qspi.o)
                0x080050d8                daisy::QSPIHandle::Impl::DummyCyclesConfig(daisy::QSPIHandle::Config::Device)
 .text._ZN5daisy10QSPIHandle4Impl10QuadEnableEv
                0x080051e0      0x140 ../temp_time_machine/DaisyExamples/libDaisy/build/libdaisy.a(qspi.o)
                0x080051e0                daisy::QSPIHandle::Impl::QuadEnable()
 .text._ZN5daisy10QSPIHandle4InitERKNS0_6ConfigE
                0x08005320      0x180 ../temp_time_machine/DaisyExamples/libDaisy/build/libdaisy.a(qspi.o)
                0x08005320                daisy::QSPIHandle::Init(daisy::QSPIHandle::Config const&)
 .text.HAL_QSPI_MspInit
                0x080054a0      0x11c ../temp_time_machine/DaisyExamples/libDaisy/build/libdaisy.a(qspi.o)
                0x080054a0                HAL_QSPI_MspInit
 .text.HAL_QSPI_MspDeInit
                0x080055bc       0x54 ../temp_time_machine/DaisyExamples/libDaisy/build/libdaisy.a(qspi.o)
                0x080055bc                HAL_QSPI_MspDeInit
 .text.QUADSPI_IRQHandler
                0x08005610        0xc ../temp_time_machine/DaisyExamples/libDaisy/build/libdaisy.a(qspi.o)
                0x08005610                QUADSPI_IRQHandler
 .text.startup._GLOBAL__sub_I__ZN5daisy10QSPIHandle4Impl4InitERKNS0_6ConfigE
                0x0800561c       0x28 ../temp_time_machine/DaisyExamples/libDaisy/build/libdaisy.a(qspi.o)
 .text._ZN5daisy9SaiHandle4Impl8InitPinsEv
                0x08005644       0xa4 ../temp_time_machine/DaisyExamples/libDaisy/build/libdaisy.a(sai.o)
                0x08005644                daisy::SaiHandle::Impl::InitPins()
 .text.HAL_SAI_MspInit
                0x080056e8      0x2a8 ../temp_time_machine/DaisyExamples/libDaisy/build/libdaisy.a(sai.o)
                0x080056e8                HAL_SAI_MspInit
 .text.DMA1_Stream0_IRQHandler
                0x08005990        0xc ../temp_time_machine/DaisyExamples/libDaisy/build/libdaisy.a(sai.o)
                0x08005990                DMA1_Stream0_IRQHandler
 .text.DMA1_Stream1_IRQHandler
                0x0800599c        0xc ../temp_time_machine/DaisyExamples/libDaisy/build/libdaisy.a(sai.o)
                0x0800599c                DMA1_Stream1_IRQHandler
 .text.DMA1_Stream3_IRQHandler
                0x080059a8        0xc ../temp_time_machine/DaisyExamples/libDaisy/build/libdaisy.a(sai.o)
                0x080059a8                DMA1_Stream3_IRQHandler
 .text.DMA1_Stream4_IRQHandler
                0x080059b4        0xc ../temp_time_machine/DaisyExamples/libDaisy/build/libdaisy.a(sai.o)
                0x080059b4                DMA1_Stream4_IRQHandler
 .text.HAL_SAI_RxHalfCpltCallback
                0x080059c0       0x78 ../temp_time_machine/DaisyExamples/libDaisy/build/libdaisy.a(sai.o)
                0x080059c0                HAL_SAI_RxHalfCpltCallback
 .text.HAL_SAI_RxCpltCallback
                0x08005a38       0x70 ../temp_time_machine/DaisyExamples/libDaisy/build/libdaisy.a(sai.o)
                0x08005a38                HAL_SAI_RxCpltCallback
 .text._ZN5daisy9SaiHandle4InitERKNS0_6ConfigE
                0x08005aa8      0x1fc ../temp_time_machine/DaisyExamples/libDaisy/build/libdaisy.a(sai.o)
                0x08005aa8                daisy::SaiHandle::Init(daisy::SaiHandle::Config const&)
 .text._ZNK5daisy9SaiHandle9GetConfigEv
                0x08005ca4        0x4 ../temp_time_machine/DaisyExamples/libDaisy/build/libdaisy.a(sai.o)
                0x08005ca4                daisy::SaiHandle::GetConfig() const
 .text._ZN5daisy9SaiHandle8StartDmaEPlS1_jPFvS1_S1_jE
                0x08005ca8       0xac ../temp_time_machine/DaisyExamples/libDaisy/build/libdaisy.a(sai.o)
                0x08005ca8                daisy::SaiHandle::StartDma(long*, long*, unsigned int, void (*)(long*, long*, unsigned int))
 .text._ZN5daisy9SaiHandle13GetSampleRateEv
                0x08005d54       0x24 ../temp_time_machine/DaisyExamples/libDaisy/build/libdaisy.a(sai.o)
                0x08005d54                daisy::SaiHandle::GetSampleRate()
 .text._ZNK5daisy9SaiHandle9GetOffsetEv
                0x08005d78        0x8 ../temp_time_machine/DaisyExamples/libDaisy/build/libdaisy.a(sai.o)
                0x08005d78                daisy::SaiHandle::GetOffset() const
 .text._ZN5daisy11TimerHandleD2Ev
                0x08005d80        0x4 ../temp_time_machine/DaisyExamples/libDaisy/build/libdaisy.a(system.o)
                0x08005d80                daisy::TimerHandle::~TimerHandle()
                0x08005d80                daisy::TimerHandle::~TimerHandle()
 .text.SysTick_Handler
                0x08005d84       0x10 ../temp_time_machine/DaisyExamples/libDaisy/build/libdaisy.a(system.o)
                0x08005d84                SysTick_Handler
 .text.OTG_HS_EP1_OUT_IRQHandler
                0x08005d94       0x24 ../temp_time_machine/DaisyExamples/libDaisy/build/libdaisy.a(system.o)
                0x08005d94                OTG_HS_EP1_OUT_IRQHandler
 .text.OTG_HS_EP1_IN_IRQHandler
                0x08005db8       0x24 ../temp_time_machine/DaisyExamples/libDaisy/build/libdaisy.a(system.o)
                0x08005db8                OTG_HS_EP1_IN_IRQHandler
 .text.OTG_HS_IRQHandler
                0x08005ddc       0x24 ../temp_time_machine/DaisyExamples/libDaisy/build/libdaisy.a(system.o)
                0x08005ddc                OTG_HS_IRQHandler
 .text.HardFault_Handler
                0x08005e00       0xe0 ../temp_time_machine/DaisyExamples/libDaisy/build/libdaisy.a(system.o)
                0x08005e00                HardFault_Handler
 .text._ZN5daisy6System6GetNowEv
                0x08005ee0        0x4 ../temp_time_machine/DaisyExamples/libDaisy/build/libdaisy.a(system.o)
                0x08005ee0                daisy::System::GetNow()
 .text._ZN5daisy6System5DelayEm
                0x08005ee4        0x4 ../temp_time_machine/DaisyExamples/libDaisy/build/libdaisy.a(system.o)
                0x08005ee4                daisy::System::Delay(unsigned long)
 .text._ZN5daisy6System15ConfigureClocksEv
                0x08005ee8      0x194 ../temp_time_machine/DaisyExamples/libDaisy/build/libdaisy.a(system.o)
                0x08005ee8                daisy::System::ConfigureClocks()
 .text._ZN5daisy6System12ConfigureMpuEv
                0x0800607c       0x7c ../temp_time_machine/DaisyExamples/libDaisy/build/libdaisy.a(system.o)
                0x0800607c                daisy::System::ConfigureMpu()
 .text._ZN5daisy6System4InitERKNS0_6ConfigE
                0x080060f8       0xec ../temp_time_machine/DaisyExamples/libDaisy/build/libdaisy.a(system.o)
                0x080060f8                daisy::System::Init(daisy::System::Config const&)
 .text._ZN5daisy6System12GetPClk1FreqEv
                0x080061e4        0x4 ../temp_time_machine/DaisyExamples/libDaisy/build/libdaisy.a(system.o)
                0x080061e4                daisy::System::GetPClk1Freq()
 .text._ZN5daisy6System22GetProgramMemoryRegionEv
                0x080061e8       0x78 ../temp_time_machine/DaisyExamples/libDaisy/build/libdaisy.a(system.o)
                0x080061e8                daisy::System::GetProgramMemoryRegion()
 .text.startup._GLOBAL__sub_I__ZN5daisy9boot_infoE
                0x08006260       0x20 ../temp_time_machine/DaisyExamples/libDaisy/build/libdaisy.a(system.o)
 .text.SystemInit
                0x08006280       0x98 ../temp_time_machine/DaisyExamples/libDaisy/build/libdaisy.a(system_stm32h7xx.o)
                0x08006280                SystemInit
 .text.HAL_PCD_SetupStageCallback
                0x08006318        0xc ../temp_time_machine/DaisyExamples/libDaisy/build/libdaisy.a(usbd_conf.o)
                0x08006318                HAL_PCD_SetupStageCallback
 .text.HAL_PCD_DataOutStageCallback
                0x08006324       0x14 ../temp_time_machine/DaisyExamples/libDaisy/build/libdaisy.a(usbd_conf.o)
                0x08006324                HAL_PCD_DataOutStageCallback
 .text.HAL_PCD_DataInStageCallback
                0x08006338       0x14 ../temp_time_machine/DaisyExamples/libDaisy/build/libdaisy.a(usbd_conf.o)
                0x08006338                HAL_PCD_DataInStageCallback
 .text.HAL_PCD_SOFCallback
                0x0800634c        0x8 ../temp_time_machine/DaisyExamples/libDaisy/build/libdaisy.a(usbd_conf.o)
                0x0800634c                HAL_PCD_SOFCallback
 .text.HAL_PCD_ResetCallback
                0x08006354       0x24 ../temp_time_machine/DaisyExamples/libDaisy/build/libdaisy.a(usbd_conf.o)
                0x08006354                HAL_PCD_ResetCallback
 .text.HAL_PCD_SuspendCallback
                0x08006378       0x30 ../temp_time_machine/DaisyExamples/libDaisy/build/libdaisy.a(usbd_conf.o)
                0x08006378                HAL_PCD_SuspendCallback
 .text.HAL_PCD_ResumeCallback
                0x080063a8        0x8 ../temp_time_machine/DaisyExamples/libDaisy/build/libdaisy.a(usbd_conf.o)
                0x080063a8                HAL_PCD_ResumeCallback
 .text.HAL_PCD_ISOOUTIncompleteCallback
                0x080063b0        0x8 ../temp_time_machine/DaisyExamples/libDaisy/build/libdaisy.a(usbd_conf.o)
                0x080063b0                HAL_PCD_ISOOUTIncompleteCallback
 .text.HAL_PCD_ISOINIncompleteCallback
                0x080063b8        0x8 ../temp_time_machine/DaisyExamples/libDaisy/build/libdaisy.a(usbd_conf.o)
                0x080063b8                HAL_PCD_ISOINIncompleteCallback
 .text.HAL_PCD_ConnectCallback
                0x080063c0        0x8 ../temp_time_machine/DaisyExamples/libDaisy/build/libdaisy.a(usbd_conf.o)
                0x080063c0                HAL_PCD_ConnectCallback
 .text.HAL_PCD_DisconnectCallback
                0x080063c8        0x8 ../temp_time_machine/DaisyExamples/libDaisy/build/libdaisy.a(usbd_conf.o)
                0x080063c8                HAL_PCD_DisconnectCallback
 .text.USBD_LL_OpenEP
                0x080063d0       0x1c ../temp_time_machine/DaisyExamples/libDaisy/build/libdaisy.a(usbd_conf.o)
                0x080063d0                USBD_LL_OpenEP
 .text.USBD_LL_StallEP
                0x080063ec       0x18 ../temp_time_machine/DaisyExamples/libDaisy/build/libdaisy.a(usbd_conf.o)
                0x080063ec                USBD_LL_StallEP
 .text.USBD_LL_ClearStallEP
                0x08006404       0x18 ../temp_time_machine/DaisyExamples/libDaisy/build/libdaisy.a(usbd_conf.o)
                0x08006404                USBD_LL_ClearStallEP
 .text.USBD_LL_IsStallEP
                0x0800641c       0x28 ../temp_time_machine/DaisyExamples/libDaisy/build/libdaisy.a(usbd_conf.o)
                0x0800641c                USBD_LL_IsStallEP
 .text.USBD_LL_SetUSBAddress
                0x08006444       0x18 ../temp_time_machine/DaisyExamples/libDaisy/build/libdaisy.a(usbd_conf.o)
                0x08006444                USBD_LL_SetUSBAddress
 .text.USBD_LL_Transmit
                0x0800645c       0x18 ../temp_time_machine/DaisyExamples/libDaisy/build/libdaisy.a(usbd_conf.o)
                0x0800645c                USBD_LL_Transmit
 .text.USBD_LL_PrepareReceive
                0x08006474       0x18 ../temp_time_machine/DaisyExamples/libDaisy/build/libdaisy.a(usbd_conf.o)
                0x08006474                USBD_LL_PrepareReceive
 .text.HAL_HCD_SOF_Callback
                0x0800648c        0x8 ../temp_time_machine/DaisyExamples/libDaisy/build/libdaisy.a(usbh_conf.o)
                0x0800648c                HAL_HCD_SOF_Callback
 .text.HAL_HCD_Connect_Callback
                0x08006494        0x8 ../temp_time_machine/DaisyExamples/libDaisy/build/libdaisy.a(usbh_conf.o)
                0x08006494                HAL_HCD_Connect_Callback
 .text.HAL_HCD_Disconnect_Callback
                0x0800649c        0x8 ../temp_time_machine/DaisyExamples/libDaisy/build/libdaisy.a(usbh_conf.o)
                0x0800649c                HAL_HCD_Disconnect_Callback
 .text.HAL_HCD_HC_NotifyURBChange_Callback
                0x080064a4        0x4 ../temp_time_machine/DaisyExamples/libDaisy/build/libdaisy.a(usbh_conf.o)
                0x080064a4                HAL_HCD_HC_NotifyURBChange_Callback
 .text.HAL_HCD_PortEnabled_Callback
                0x080064a8        0x8 ../temp_time_machine/DaisyExamples/libDaisy/build/libdaisy.a(usbh_conf.o)
                0x080064a8                HAL_HCD_PortEnabled_Callback
 .text.HAL_HCD_PortDisabled_Callback
                0x080064b0        0x8 ../temp_time_machine/DaisyExamples/libDaisy/build/libdaisy.a(usbh_conf.o)
                0x080064b0                HAL_HCD_PortDisabled_Callback
 .text.USBH_LL_Stop
                0x080064b8       0x18 ../temp_time_machine/DaisyExamples/libDaisy/build/libdaisy.a(usbh_conf.o)
                0x080064b8                USBH_LL_Stop
 .text.dsy_hal_map_get_port
                0x080064d0       0x10 ../temp_time_machine/DaisyExamples/libDaisy/build/libdaisy.a(hal_map.o)
                0x080064d0                dsy_hal_map_get_port
 .text.dsy_hal_map_get_pin
                0x080064e0       0x10 ../temp_time_machine/DaisyExamples/libDaisy/build/libdaisy.a(hal_map.o)
                0x080064e0                dsy_hal_map_get_pin
 .text.dsy_hal_map_gpio_clk_enable
                0x080064f0      0x150 ../temp_time_machine/DaisyExamples/libDaisy/build/libdaisy.a(hal_map.o)
                0x080064f0                dsy_hal_map_gpio_clk_enable
 .text.HAL_MspInit
                0x08006640        0x4 ../temp_time_machine/DaisyExamples/libDaisy/build/libdaisy.a(stm32h7xx_hal.o)
                0x08006640                HAL_MspInit
 .text.HAL_InitTick
                0x08006644       0x4c ../temp_time_machine/DaisyExamples/libDaisy/build/libdaisy.a(stm32h7xx_hal.o)
                0x08006644                HAL_InitTick
 .text.HAL_Init
                0x08006690       0x60 ../temp_time_machine/DaisyExamples/libDaisy/build/libdaisy.a(stm32h7xx_hal.o)
                0x08006690                HAL_Init
 .text.HAL_IncTick
                0x080066f0       0x18 ../temp_time_machine/DaisyExamples/libDaisy/build/libdaisy.a(stm32h7xx_hal.o)
                0x080066f0                HAL_IncTick
 .text.HAL_GetTick
                0x08006708        0xc ../temp_time_machine/DaisyExamples/libDaisy/build/libdaisy.a(stm32h7xx_hal.o)
                0x08006708                HAL_GetTick
 .text.HAL_Delay
                0x08006714       0x24 ../temp_time_machine/DaisyExamples/libDaisy/build/libdaisy.a(stm32h7xx_hal.o)
                0x08006714                HAL_Delay
 .text.HAL_GetREVID
                0x08006738        0xc ../temp_time_machine/DaisyExamples/libDaisy/build/libdaisy.a(stm32h7xx_hal.o)
                0x08006738                HAL_GetREVID
 .text.HAL_ADC_ConvHalfCpltCallback
                0x08006744        0x4 ../temp_time_machine/DaisyExamples/libDaisy/build/libdaisy.a(stm32h7xx_hal_adc.o)
                0x08006744                HAL_ADC_ConvHalfCpltCallback
 .text.ADC_DMAHalfConvCplt
                0x08006748        0xc ../temp_time_machine/DaisyExamples/libDaisy/build/libdaisy.a(stm32h7xx_hal_adc.o)
                0x08006748                ADC_DMAHalfConvCplt
 .text.ADC_DMAConvCplt
                0x08006754       0x6c ../temp_time_machine/DaisyExamples/libDaisy/build/libdaisy.a(stm32h7xx_hal_adc.o)
                0x08006754                ADC_DMAConvCplt
 .text.ADC_DMAError
                0x080067c0       0x1c ../temp_time_machine/DaisyExamples/libDaisy/build/libdaisy.a(stm32h7xx_hal_adc.o)
                0x080067c0                ADC_DMAError
 .text.HAL_ADC_ConfigChannel
                0x080067dc      0x384 ../temp_time_machine/DaisyExamples/libDaisy/build/libdaisy.a(stm32h7xx_hal_adc.o)
                0x080067dc                HAL_ADC_ConfigChannel
 .text.ADC_Enable
                0x08006b60       0xb0 ../temp_time_machine/DaisyExamples/libDaisy/build/libdaisy.a(stm32h7xx_hal_adc.o)
                0x08006b60                ADC_Enable
 .text.HAL_ADC_Start_DMA
                0x08006c10      0x108 ../temp_time_machine/DaisyExamples/libDaisy/build/libdaisy.a(stm32h7xx_hal_adc.o)
                0x08006c10                HAL_ADC_Start_DMA
 .text.ADC_Disable
                0x08006d18       0x64 ../temp_time_machine/DaisyExamples/libDaisy/build/libdaisy.a(stm32h7xx_hal_adc.o)
                0x08006d18                ADC_Disable
 .text.ADC_ConfigureBoostMode
                0x08006d7c      0x178 ../temp_time_machine/DaisyExamples/libDaisy/build/libdaisy.a(stm32h7xx_hal_adc.o)
                0x08006d7c                ADC_ConfigureBoostMode
 .text.HAL_ADC_Init
                0x08006ef4      0x220 ../temp_time_machine/DaisyExamples/libDaisy/build/libdaisy.a(stm32h7xx_hal_adc.o)
                0x08006ef4                HAL_ADC_Init
 .text.HAL_ADCEx_Calibration_Start
                0x08007114       0xa4 ../temp_time_machine/DaisyExamples/libDaisy/build/libdaisy.a(stm32h7xx_hal_adc_ex.o)
                0x08007114                HAL_ADCEx_Calibration_Start
 .text.HAL_ADCEx_MultiModeConfigChannel
                0x080071b8       0xb8 ../temp_time_machine/DaisyExamples/libDaisy/build/libdaisy.a(stm32h7xx_hal_adc_ex.o)
                0x080071b8                HAL_ADCEx_MultiModeConfigChannel
 .text.HAL_NVIC_SetPriorityGrouping
                0x08007270       0x24 ../temp_time_machine/DaisyExamples/libDaisy/build/libdaisy.a(stm32h7xx_hal_cortex.o)
                0x08007270                HAL_NVIC_SetPriorityGrouping
 .text.HAL_NVIC_SetPriority
                0x08007294       0x78 ../temp_time_machine/DaisyExamples/libDaisy/build/libdaisy.a(stm32h7xx_hal_cortex.o)
                0x08007294                HAL_NVIC_SetPriority
 .text.HAL_NVIC_EnableIRQ
                0x0800730c       0x1c ../temp_time_machine/DaisyExamples/libDaisy/build/libdaisy.a(stm32h7xx_hal_cortex.o)
                0x0800730c                HAL_NVIC_EnableIRQ
 .text.HAL_NVIC_DisableIRQ
                0x08007328       0x24 ../temp_time_machine/DaisyExamples/libDaisy/build/libdaisy.a(stm32h7xx_hal_cortex.o)
                0x08007328                HAL_NVIC_DisableIRQ
 .text.HAL_SYSTICK_Config
                0x0800734c       0x2c ../temp_time_machine/DaisyExamples/libDaisy/build/libdaisy.a(stm32h7xx_hal_cortex.o)
                0x0800734c                HAL_SYSTICK_Config
 .text.HAL_MPU_Disable
                0x08007378       0x1c ../temp_time_machine/DaisyExamples/libDaisy/build/libdaisy.a(stm32h7xx_hal_cortex.o)
                0x08007378                HAL_MPU_Disable
 .text.HAL_MPU_Enable
                0x08007394       0x20 ../temp_time_machine/DaisyExamples/libDaisy/build/libdaisy.a(stm32h7xx_hal_cortex.o)
                0x08007394                HAL_MPU_Enable
 .text.HAL_MPU_ConfigRegion
                0x080073b4       0x64 ../temp_time_machine/DaisyExamples/libDaisy/build/libdaisy.a(stm32h7xx_hal_cortex.o)
                0x080073b4                HAL_MPU_ConfigRegion
 .text.HAL_SYSTICK_Callback
                0x08007418        0x4 ../temp_time_machine/DaisyExamples/libDaisy/build/libdaisy.a(stm32h7xx_hal_cortex.o)
                0x08007418                HAL_SYSTICK_Callback
 .text.HAL_SYSTICK_IRQHandler
                0x0800741c        0x8 ../temp_time_machine/DaisyExamples/libDaisy/build/libdaisy.a(stm32h7xx_hal_cortex.o)
                0x0800741c                HAL_SYSTICK_IRQHandler
 .text.DMA_CalcBaseAndBitshift
                0x08007424      0x100 ../temp_time_machine/DaisyExamples/libDaisy/build/libdaisy.a(stm32h7xx_hal_dma.o)
 .text.DMA_CalcDMAMUXChannelBaseAndMask
                0x08007524       0xd4 ../temp_time_machine/DaisyExamples/libDaisy/build/libdaisy.a(stm32h7xx_hal_dma.o)
 .text.HAL_DMA_Init
                0x080075f8      0x360 ../temp_time_machine/DaisyExamples/libDaisy/build/libdaisy.a(stm32h7xx_hal_dma.o)
                0x080075f8                HAL_DMA_Init
 .text.HAL_DMA_Start_IT
                0x08007958      0x26c ../temp_time_machine/DaisyExamples/libDaisy/build/libdaisy.a(stm32h7xx_hal_dma.o)
                0x08007958                HAL_DMA_Start_IT
 .text.HAL_DMA_Abort_IT
                0x08007bc4      0x134 ../temp_time_machine/DaisyExamples/libDaisy/build/libdaisy.a(stm32h7xx_hal_dma.o)
                0x08007bc4                HAL_DMA_Abort_IT
 .text.HAL_DMA_IRQHandler
                0x08007cf8      0x424 ../temp_time_machine/DaisyExamples/libDaisy/build/libdaisy.a(stm32h7xx_hal_dma.o)
                0x08007cf8                HAL_DMA_IRQHandler
 .text.HAL_DMA_GetError
                0x0800811c        0x4 ../temp_time_machine/DaisyExamples/libDaisy/build/libdaisy.a(stm32h7xx_hal_dma.o)
                0x0800811c                HAL_DMA_GetError
 .text.HAL_GPIO_Init
                0x08008120      0x41c ../temp_time_machine/DaisyExamples/libDaisy/build/libdaisy.a(stm32h7xx_hal_gpio.o)
                0x08008120                HAL_GPIO_Init
 .text.HAL_GPIO_DeInit
                0x0800853c      0x258 ../temp_time_machine/DaisyExamples/libDaisy/build/libdaisy.a(stm32h7xx_hal_gpio.o)
                0x0800853c                HAL_GPIO_DeInit
 .text.HAL_GPIO_WritePin
                0x08008794        0x8 ../temp_time_machine/DaisyExamples/libDaisy/build/libdaisy.a(stm32h7xx_hal_gpio.o)
                0x08008794                HAL_GPIO_WritePin
 .text.HAL_HCD_IRQHandler
                0x0800879c      0x770 ../temp_time_machine/DaisyExamples/libDaisy/build/libdaisy.a(stm32h7xx_hal_hcd.o)
                0x0800879c                HAL_HCD_IRQHandler
 .text.HAL_HCD_Stop
                0x08008f0c       0x28 ../temp_time_machine/DaisyExamples/libDaisy/build/libdaisy.a(stm32h7xx_hal_hcd.o)
                0x08008f0c                HAL_HCD_Stop
 .text.I2C_WaitOnTXISFlagUntilTimeout
                0x08008f34       0xcc ../temp_time_machine/DaisyExamples/libDaisy/build/libdaisy.a(stm32h7xx_hal_i2c.o)
 .text.I2C_WaitOnSTOPFlagUntilTimeout
                0x08009000       0xa8 ../temp_time_machine/DaisyExamples/libDaisy/build/libdaisy.a(stm32h7xx_hal_i2c.o)
 .text.HAL_I2C_Init
                0x080090a8       0xac ../temp_time_machine/DaisyExamples/libDaisy/build/libdaisy.a(stm32h7xx_hal_i2c.o)
                0x080090a8                HAL_I2C_Init
 .text.HAL_I2C_Mem_Write
                0x08009154      0x250 ../temp_time_machine/DaisyExamples/libDaisy/build/libdaisy.a(stm32h7xx_hal_i2c.o)
                0x08009154                HAL_I2C_Mem_Write
 .text.HAL_I2C_Mem_Read
                0x080093a4      0x29c ../temp_time_machine/DaisyExamples/libDaisy/build/libdaisy.a(stm32h7xx_hal_i2c.o)
                0x080093a4                HAL_I2C_Mem_Read
 .text.HAL_I2C_EV_IRQHandler
                0x08009640       0x10 ../temp_time_machine/DaisyExamples/libDaisy/build/libdaisy.a(stm32h7xx_hal_i2c.o)
                0x08009640                HAL_I2C_EV_IRQHandler
 .text.HAL_I2C_GetState
                0x08009650        0x8 ../temp_time_machine/DaisyExamples/libDaisy/build/libdaisy.a(stm32h7xx_hal_i2c.o)
                0x08009650                HAL_I2C_GetState
 .text.HAL_I2CEx_ConfigAnalogFilter
                0x08009658       0x54 ../temp_time_machine/DaisyExamples/libDaisy/build/libdaisy.a(stm32h7xx_hal_i2c_ex.o)
                0x08009658                HAL_I2CEx_ConfigAnalogFilter
 .text.HAL_I2CEx_ConfigDigitalFilter
                0x080096ac       0x58 ../temp_time_machine/DaisyExamples/libDaisy/build/libdaisy.a(stm32h7xx_hal_i2c_ex.o)
                0x080096ac                HAL_I2CEx_ConfigDigitalFilter
 .text.HAL_PCD_IRQHandler
                0x08009704      0x704 ../temp_time_machine/DaisyExamples/libDaisy/build/libdaisy.a(stm32h7xx_hal_pcd.o)
                0x08009704                HAL_PCD_IRQHandler
 .text.HAL_PCD_SetAddress
                0x08009e08       0x2c ../temp_time_machine/DaisyExamples/libDaisy/build/libdaisy.a(stm32h7xx_hal_pcd.o)
                0x08009e08                HAL_PCD_SetAddress
 .text.HAL_PCD_EP_Open
                0x08009e34       0x70 ../temp_time_machine/DaisyExamples/libDaisy/build/libdaisy.a(stm32h7xx_hal_pcd.o)
                0x08009e34                HAL_PCD_EP_Open
 .text.HAL_PCD_EP_Receive
                0x08009ea4       0x4c ../temp_time_machine/DaisyExamples/libDaisy/build/libdaisy.a(stm32h7xx_hal_pcd.o)
                0x08009ea4                HAL_PCD_EP_Receive
 .text.HAL_PCD_EP_Transmit
                0x08009ef0       0x50 ../temp_time_machine/DaisyExamples/libDaisy/build/libdaisy.a(stm32h7xx_hal_pcd.o)
                0x08009ef0                HAL_PCD_EP_Transmit
 .text.HAL_PCD_EP_SetStall
                0x08009f40       0x84 ../temp_time_machine/DaisyExamples/libDaisy/build/libdaisy.a(stm32h7xx_hal_pcd.o)
                0x08009f40                HAL_PCD_EP_SetStall
 .text.HAL_PCD_EP_ClrStall
                0x08009fc4       0x70 ../temp_time_machine/DaisyExamples/libDaisy/build/libdaisy.a(stm32h7xx_hal_pcd.o)
                0x08009fc4                HAL_PCD_EP_ClrStall
 .text.HAL_PCDEx_LPM_Callback
                0x0800a034        0x4 ../temp_time_machine/DaisyExamples/libDaisy/build/libdaisy.a(stm32h7xx_hal_pcd_ex.o)
                0x0800a034                HAL_PCDEx_LPM_Callback
 .text.HAL_PWREx_ConfigSupply
                0x0800a038       0x4c ../temp_time_machine/DaisyExamples/libDaisy/build/libdaisy.a(stm32h7xx_hal_pwr_ex.o)
                0x0800a038                HAL_PWREx_ConfigSupply
 .text.HAL_PWREx_EnableUSBVoltageDetector
                0x0800a084       0x10 ../temp_time_machine/DaisyExamples/libDaisy/build/libdaisy.a(stm32h7xx_hal_pwr_ex.o)
                0x0800a084                HAL_PWREx_EnableUSBVoltageDetector
 .text.QSPI_Config
                0x0800a094      0x188 ../temp_time_machine/DaisyExamples/libDaisy/build/libdaisy.a(stm32h7xx_hal_qspi.o)
 .text.HAL_QSPI_Init
                0x0800a21c       0xe8 ../temp_time_machine/DaisyExamples/libDaisy/build/libdaisy.a(stm32h7xx_hal_qspi.o)
                0x0800a21c                HAL_QSPI_Init
 .text.HAL_QSPI_DeInit
                0x0800a304       0x3c ../temp_time_machine/DaisyExamples/libDaisy/build/libdaisy.a(stm32h7xx_hal_qspi.o)
                0x0800a304                HAL_QSPI_DeInit
 .text.HAL_QSPI_Command
                0x0800a340       0xf8 ../temp_time_machine/DaisyExamples/libDaisy/build/libdaisy.a(stm32h7xx_hal_qspi.o)
                0x0800a340                HAL_QSPI_Command
 .text.HAL_QSPI_Transmit
                0x0800a438      0x11c ../temp_time_machine/DaisyExamples/libDaisy/build/libdaisy.a(stm32h7xx_hal_qspi.o)
                0x0800a438                HAL_QSPI_Transmit
 .text.HAL_QSPI_Receive
                0x0800a554      0x124 ../temp_time_machine/DaisyExamples/libDaisy/build/libdaisy.a(stm32h7xx_hal_qspi.o)
                0x0800a554                HAL_QSPI_Receive
 .text.HAL_QSPI_AutoPolling
                0x0800a678      0x11c ../temp_time_machine/DaisyExamples/libDaisy/build/libdaisy.a(stm32h7xx_hal_qspi.o)
                0x0800a678                HAL_QSPI_AutoPolling
 .text.HAL_QSPI_MemoryMapped
                0x0800a794       0xc4 ../temp_time_machine/DaisyExamples/libDaisy/build/libdaisy.a(stm32h7xx_hal_qspi.o)
                0x0800a794                HAL_QSPI_MemoryMapped
 .text.HAL_QSPI_ErrorCallback
                0x0800a858        0x4 ../temp_time_machine/DaisyExamples/libDaisy/build/libdaisy.a(stm32h7xx_hal_qspi.o)
                0x0800a858                HAL_QSPI_ErrorCallback
 .text.QSPI_DMAAbortCplt
                0x0800a85c       0x38 ../temp_time_machine/DaisyExamples/libDaisy/build/libdaisy.a(stm32h7xx_hal_qspi.o)
 .text.HAL_QSPI_AbortCpltCallback
                0x0800a894        0x4 ../temp_time_machine/DaisyExamples/libDaisy/build/libdaisy.a(stm32h7xx_hal_qspi.o)
                0x0800a894                HAL_QSPI_AbortCpltCallback
 .text.HAL_QSPI_CmdCpltCallback
                0x0800a898        0x4 ../temp_time_machine/DaisyExamples/libDaisy/build/libdaisy.a(stm32h7xx_hal_qspi.o)
                0x0800a898                HAL_QSPI_CmdCpltCallback
 .text.HAL_QSPI_RxCpltCallback
                0x0800a89c        0x4 ../temp_time_machine/DaisyExamples/libDaisy/build/libdaisy.a(stm32h7xx_hal_qspi.o)
                0x0800a89c                HAL_QSPI_RxCpltCallback
 .text.HAL_QSPI_TxCpltCallback
                0x0800a8a0        0x4 ../temp_time_machine/DaisyExamples/libDaisy/build/libdaisy.a(stm32h7xx_hal_qspi.o)
                0x0800a8a0                HAL_QSPI_TxCpltCallback
 .text.HAL_QSPI_FifoThresholdCallback
                0x0800a8a4        0x4 ../temp_time_machine/DaisyExamples/libDaisy/build/libdaisy.a(stm32h7xx_hal_qspi.o)
                0x0800a8a4                HAL_QSPI_FifoThresholdCallback
 .text.HAL_QSPI_StatusMatchCallback
                0x0800a8a8        0x4 ../temp_time_machine/DaisyExamples/libDaisy/build/libdaisy.a(stm32h7xx_hal_qspi.o)
                0x0800a8a8                HAL_QSPI_StatusMatchCallback
 .text.HAL_QSPI_TimeOutCallback
                0x0800a8ac        0x4 ../temp_time_machine/DaisyExamples/libDaisy/build/libdaisy.a(stm32h7xx_hal_qspi.o)
                0x0800a8ac                HAL_QSPI_TimeOutCallback
 .text.HAL_QSPI_IRQHandler
                0x0800a8b0      0x210 ../temp_time_machine/DaisyExamples/libDaisy/build/libdaisy.a(stm32h7xx_hal_qspi.o)
                0x0800a8b0                HAL_QSPI_IRQHandler
 .text.HAL_RCC_OscConfig
                0x0800aac0      0x518 ../temp_time_machine/DaisyExamples/libDaisy/build/libdaisy.a(stm32h7xx_hal_rcc.o)
                0x0800aac0                HAL_RCC_OscConfig
 .text.HAL_RCC_GetSysClockFreq
                0x0800afd8      0x11c ../temp_time_machine/DaisyExamples/libDaisy/build/libdaisy.a(stm32h7xx_hal_rcc.o)
                0x0800afd8                HAL_RCC_GetSysClockFreq
 .text.HAL_RCC_ClockConfig
                0x0800b0f4      0x238 ../temp_time_machine/DaisyExamples/libDaisy/build/libdaisy.a(stm32h7xx_hal_rcc.o)
                0x0800b0f4                HAL_RCC_ClockConfig
 .text.HAL_RCC_GetHCLKFreq
                0x0800b32c       0x2c ../temp_time_machine/DaisyExamples/libDaisy/build/libdaisy.a(stm32h7xx_hal_rcc.o)
                0x0800b32c                HAL_RCC_GetHCLKFreq
 .text.HAL_RCC_GetPCLK1Freq
                0x0800b358       0x38 ../temp_time_machine/DaisyExamples/libDaisy/build/libdaisy.a(stm32h7xx_hal_rcc.o)
                0x0800b358                HAL_RCC_GetPCLK1Freq
 .text.HAL_RCC_GetPCLK2Freq
                0x0800b390       0x38 ../temp_time_machine/DaisyExamples/libDaisy/build/libdaisy.a(stm32h7xx_hal_rcc.o)
                0x0800b390                HAL_RCC_GetPCLK2Freq
 .text.RCCEx_PLL2_Config.part.0
                0x0800b3c8       0xe0 ../temp_time_machine/DaisyExamples/libDaisy/build/libdaisy.a(stm32h7xx_hal_rcc_ex.o)
 .text.RCCEx_PLL3_Config.part.0
                0x0800b4a8       0xe0 ../temp_time_machine/DaisyExamples/libDaisy/build/libdaisy.a(stm32h7xx_hal_rcc_ex.o)
 .text.HAL_RCCEx_PeriphCLKConfig
                0x0800b588      0xcd8 ../temp_time_machine/DaisyExamples/libDaisy/build/libdaisy.a(stm32h7xx_hal_rcc_ex.o)
                0x0800b588                HAL_RCCEx_PeriphCLKConfig
 .text.HAL_RCCEx_GetD3PCLK1Freq
                0x0800c260       0x24 ../temp_time_machine/DaisyExamples/libDaisy/build/libdaisy.a(stm32h7xx_hal_rcc_ex.o)
                0x0800c260                HAL_RCCEx_GetD3PCLK1Freq
 .text.HAL_RCCEx_GetPLL2ClockFreq
                0x0800c284      0x134 ../temp_time_machine/DaisyExamples/libDaisy/build/libdaisy.a(stm32h7xx_hal_rcc_ex.o)
                0x0800c284                HAL_RCCEx_GetPLL2ClockFreq
 .text.HAL_RCCEx_GetPLL3ClockFreq
                0x0800c3b8      0x134 ../temp_time_machine/DaisyExamples/libDaisy/build/libdaisy.a(stm32h7xx_hal_rcc_ex.o)
                0x0800c3b8                HAL_RCCEx_GetPLL3ClockFreq
 .text.HAL_RCCEx_GetPLL1ClockFreq
                0x0800c4ec      0x134 ../temp_time_machine/DaisyExamples/libDaisy/build/libdaisy.a(stm32h7xx_hal_rcc_ex.o)
                0x0800c4ec                HAL_RCCEx_GetPLL1ClockFreq
 .text.HAL_RCCEx_GetPeriphCLKFreq
                0x0800c620      0x164 ../temp_time_machine/DaisyExamples/libDaisy/build/libdaisy.a(stm32h7xx_hal_rcc_ex.o)
                0x0800c620                HAL_RCCEx_GetPeriphCLKFreq
 .text.HAL_RCCEx_GetD1SysClockFreq
                0x0800c784       0x2c ../temp_time_machine/DaisyExamples/libDaisy/build/libdaisy.a(stm32h7xx_hal_rcc_ex.o)
                0x0800c784                HAL_RCCEx_GetD1SysClockFreq
 .text.HAL_SAI_Init
                0x0800c7b0      0x38c ../temp_time_machine/DaisyExamples/libDaisy/build/libdaisy.a(stm32h7xx_hal_sai.o)
                0x0800c7b0                HAL_SAI_Init
 .text.HAL_SAI_InitProtocol
                0x0800cb3c      0x164 ../temp_time_machine/DaisyExamples/libDaisy/build/libdaisy.a(stm32h7xx_hal_sai.o)
                0x0800cb3c                HAL_SAI_InitProtocol
 .text.HAL_SAI_Transmit_DMA
                0x0800cca0      0x110 ../temp_time_machine/DaisyExamples/libDaisy/build/libdaisy.a(stm32h7xx_hal_sai.o)
                0x0800cca0                HAL_SAI_Transmit_DMA
 .text.HAL_SAI_Receive_DMA
                0x0800cdb0       0xc4 ../temp_time_machine/DaisyExamples/libDaisy/build/libdaisy.a(stm32h7xx_hal_sai.o)
                0x0800cdb0                HAL_SAI_Receive_DMA
 .text.HAL_SAI_TxCpltCallback
                0x0800ce74        0x4 ../temp_time_machine/DaisyExamples/libDaisy/build/libdaisy.a(stm32h7xx_hal_sai.o)
                0x0800ce74                HAL_SAI_TxCpltCallback
 .text.SAI_DMATxCplt
                0x0800ce78       0x5c ../temp_time_machine/DaisyExamples/libDaisy/build/libdaisy.a(stm32h7xx_hal_sai.o)
 .text.HAL_SAI_TxHalfCpltCallback
                0x0800ced4        0x4 ../temp_time_machine/DaisyExamples/libDaisy/build/libdaisy.a(stm32h7xx_hal_sai.o)
                0x0800ced4                HAL_SAI_TxHalfCpltCallback
 .text.SAI_DMATxHalfCplt
                0x0800ced8        0xc ../temp_time_machine/DaisyExamples/libDaisy/build/libdaisy.a(stm32h7xx_hal_sai.o)
 .text.SAI_DMARxCplt
                0x0800cee4       0x5c ../temp_time_machine/DaisyExamples/libDaisy/build/libdaisy.a(stm32h7xx_hal_sai.o)
 .text.SAI_DMARxHalfCplt
                0x0800cf40        0xc ../temp_time_machine/DaisyExamples/libDaisy/build/libdaisy.a(stm32h7xx_hal_sai.o)
 .text.HAL_SAI_ErrorCallback
                0x0800cf4c        0x4 ../temp_time_machine/DaisyExamples/libDaisy/build/libdaisy.a(stm32h7xx_hal_sai.o)
                0x0800cf4c                HAL_SAI_ErrorCallback
 .text.SAI_DMAError
                0x0800cf50       0x6c ../temp_time_machine/DaisyExamples/libDaisy/build/libdaisy.a(stm32h7xx_hal_sai.o)
 .text.HAL_SDRAM_Init
                0x0800cfbc       0x54 ../temp_time_machine/DaisyExamples/libDaisy/build/libdaisy.a(stm32h7xx_hal_sdram.o)
                0x0800cfbc                HAL_SDRAM_Init
 .text.HAL_SDRAM_SendCommand
                0x0800d010       0x40 ../temp_time_machine/DaisyExamples/libDaisy/build/libdaisy.a(stm32h7xx_hal_sdram.o)
                0x0800d010                HAL_SDRAM_SendCommand
 .text.HAL_SDRAM_ProgramRefreshRate
                0x0800d050       0x30 ../temp_time_machine/DaisyExamples/libDaisy/build/libdaisy.a(stm32h7xx_hal_sdram.o)
                0x0800d050                HAL_SDRAM_ProgramRefreshRate
 .text.FMC_SDRAM_Init
                0x0800d080       0x6c ../temp_time_machine/DaisyExamples/libDaisy/build/libdaisy.a(stm32h7xx_ll_fmc.o)
                0x0800d080                FMC_SDRAM_Init
 .text.FMC_SDRAM_Timing_Init
                0x0800d0ec       0x7c ../temp_time_machine/DaisyExamples/libDaisy/build/libdaisy.a(stm32h7xx_ll_fmc.o)
                0x0800d0ec                FMC_SDRAM_Timing_Init
 .text.FMC_SDRAM_SendCommand
                0x0800d168       0x28 ../temp_time_machine/DaisyExamples/libDaisy/build/libdaisy.a(stm32h7xx_ll_fmc.o)
                0x0800d168                FMC_SDRAM_SendCommand
 .text.FMC_SDRAM_ProgramRefreshRate
                0x0800d190       0x14 ../temp_time_machine/DaisyExamples/libDaisy/build/libdaisy.a(stm32h7xx_ll_fmc.o)
                0x0800d190                FMC_SDRAM_ProgramRefreshRate
 .text.USB_SetTurnaroundTime
                0x0800d1a4      0x104 ../temp_time_machine/DaisyExamples/libDaisy/build/libdaisy.a(stm32h7xx_ll_usb.o)
                0x0800d1a4                USB_SetTurnaroundTime
 .text.USB_FlushTxFifo
                0x0800d2a8       0x34 ../temp_time_machine/DaisyExamples/libDaisy/build/libdaisy.a(stm32h7xx_ll_usb.o)
                0x0800d2a8                USB_FlushTxFifo
 .text.USB_GetDevSpeed
                0x0800d2dc       0x24 ../temp_time_machine/DaisyExamples/libDaisy/build/libdaisy.a(stm32h7xx_ll_usb.o)
                0x0800d2dc                USB_GetDevSpeed
 .text.USB_ActivateEndpoint
                0x0800d300       0x8c ../temp_time_machine/DaisyExamples/libDaisy/build/libdaisy.a(stm32h7xx_ll_usb.o)
                0x0800d300                USB_ActivateEndpoint
 .text.USB_EPStartXfer
                0x0800d38c      0x210 ../temp_time_machine/DaisyExamples/libDaisy/build/libdaisy.a(stm32h7xx_ll_usb.o)
                0x0800d38c                USB_EPStartXfer
 .text.USB_EP0StartXfer
                0x0800d59c       0xf8 ../temp_time_machine/DaisyExamples/libDaisy/build/libdaisy.a(stm32h7xx_ll_usb.o)
                0x0800d59c                USB_EP0StartXfer
 .text.USB_WritePacket
                0x0800d694       0x2c ../temp_time_machine/DaisyExamples/libDaisy/build/libdaisy.a(stm32h7xx_ll_usb.o)
                0x0800d694                USB_WritePacket
 .text.USB_ReadPacket
                0x0800d6c0       0x28 ../temp_time_machine/DaisyExamples/libDaisy/build/libdaisy.a(stm32h7xx_ll_usb.o)
                0x0800d6c0                USB_ReadPacket
 .text.USB_EPSetStall
                0x0800d6e8       0x70 ../temp_time_machine/DaisyExamples/libDaisy/build/libdaisy.a(stm32h7xx_ll_usb.o)
                0x0800d6e8                USB_EPSetStall
 .text.USB_EPClearStall
                0x0800d758       0x58 ../temp_time_machine/DaisyExamples/libDaisy/build/libdaisy.a(stm32h7xx_ll_usb.o)
                0x0800d758                USB_EPClearStall
 .text.USB_SetDevAddress
                0x0800d7b0       0x24 ../temp_time_machine/DaisyExamples/libDaisy/build/libdaisy.a(stm32h7xx_ll_usb.o)
                0x0800d7b0                USB_SetDevAddress
 .text.USB_ReadInterrupts
                0x0800d7d4       0x14 ../temp_time_machine/DaisyExamples/libDaisy/build/libdaisy.a(stm32h7xx_ll_usb.o)
                0x0800d7d4                USB_ReadInterrupts
 .text.USB_ReadDevAllOutEpInterrupt
                0x0800d7e8       0x1c ../temp_time_machine/DaisyExamples/libDaisy/build/libdaisy.a(stm32h7xx_ll_usb.o)
                0x0800d7e8                USB_ReadDevAllOutEpInterrupt
 .text.USB_ReadDevAllInEpInterrupt
                0x0800d804       0x1c ../temp_time_machine/DaisyExamples/libDaisy/build/libdaisy.a(stm32h7xx_ll_usb.o)
                0x0800d804                USB_ReadDevAllInEpInterrupt
 .text.USB_ReadDevOutEPInterrupt
                0x0800d820       0x1c ../temp_time_machine/DaisyExamples/libDaisy/build/libdaisy.a(stm32h7xx_ll_usb.o)
                0x0800d820                USB_ReadDevOutEPInterrupt
 .text.USB_ReadDevInEPInterrupt
                0x0800d83c       0x38 ../temp_time_machine/DaisyExamples/libDaisy/build/libdaisy.a(stm32h7xx_ll_usb.o)
                0x0800d83c                USB_ReadDevInEPInterrupt
 .text.USB_GetMode
                0x0800d874        0x8 ../temp_time_machine/DaisyExamples/libDaisy/build/libdaisy.a(stm32h7xx_ll_usb.o)
                0x0800d874                USB_GetMode
 .text.USB_ActivateSetup
                0x0800d87c       0x34 ../temp_time_machine/DaisyExamples/libDaisy/build/libdaisy.a(stm32h7xx_ll_usb.o)
                0x0800d87c                USB_ActivateSetup
 .text.USB_EP0_OutStart
                0x0800d8b0       0x50 ../temp_time_machine/DaisyExamples/libDaisy/build/libdaisy.a(stm32h7xx_ll_usb.o)
                0x0800d8b0                USB_EP0_OutStart
 .text.USB_InitFSLSPClkSel
                0x0800d900       0x44 ../temp_time_machine/DaisyExamples/libDaisy/build/libdaisy.a(stm32h7xx_ll_usb.o)
                0x0800d900                USB_InitFSLSPClkSel
 .text.USB_HC_ReadInterrupt
                0x0800d944        0x8 ../temp_time_machine/DaisyExamples/libDaisy/build/libdaisy.a(stm32h7xx_ll_usb.o)
                0x0800d944                USB_HC_ReadInterrupt
 .text.USB_HC_Halt
                0x0800d94c       0xc0 ../temp_time_machine/DaisyExamples/libDaisy/build/libdaisy.a(stm32h7xx_ll_usb.o)
                0x0800d94c                USB_HC_Halt
 .text.USB_StopHost
                0x0800da0c      0x2f0 ../temp_time_machine/DaisyExamples/libDaisy/build/libdaisy.a(stm32h7xx_ll_usb.o)
                0x0800da0c                USB_StopHost
 .text.USBD_SetClassConfig
                0x0800dcfc       0x1c ../temp_time_machine/DaisyExamples/libDaisy/build/libdaisy.a(usbd_core.o)
                0x0800dcfc                USBD_SetClassConfig
 .text.USBD_ClrClassConfig
                0x0800dd18       0x10 ../temp_time_machine/DaisyExamples/libDaisy/build/libdaisy.a(usbd_core.o)
                0x0800dd18                USBD_ClrClassConfig
 .text.USBD_LL_SetupStage
                0x0800dd28       0x5c ../temp_time_machine/DaisyExamples/libDaisy/build/libdaisy.a(usbd_core.o)
                0x0800dd28                USBD_LL_SetupStage
 .text.USBD_LL_DataOutStage
                0x0800dd84       0x70 ../temp_time_machine/DaisyExamples/libDaisy/build/libdaisy.a(usbd_core.o)
                0x0800dd84                USBD_LL_DataOutStage
 .text.USBD_LL_DataInStage
                0x0800ddf4       0xc4 ../temp_time_machine/DaisyExamples/libDaisy/build/libdaisy.a(usbd_core.o)
                0x0800ddf4                USBD_LL_DataInStage
 .text.USBD_LL_Reset
                0x0800deb8       0x50 ../temp_time_machine/DaisyExamples/libDaisy/build/libdaisy.a(usbd_core.o)
                0x0800deb8                USBD_LL_Reset
 .text.USBD_LL_SetSpeed
                0x0800df08        0x8 ../temp_time_machine/DaisyExamples/libDaisy/build/libdaisy.a(usbd_core.o)
                0x0800df08                USBD_LL_SetSpeed
 .text.USBD_LL_Suspend
                0x0800df10       0x14 ../temp_time_machine/DaisyExamples/libDaisy/build/libdaisy.a(usbd_core.o)
                0x0800df10                USBD_LL_Suspend
 .text.USBD_LL_Resume
                0x0800df24       0x10 ../temp_time_machine/DaisyExamples/libDaisy/build/libdaisy.a(usbd_core.o)
                0x0800df24                USBD_LL_Resume
 .text.USBD_LL_SOF
                0x0800df34       0x1c ../temp_time_machine/DaisyExamples/libDaisy/build/libdaisy.a(usbd_core.o)
                0x0800df34                USBD_LL_SOF
 .text.USBD_LL_IsoINIncomplete
                0x0800df50        0x4 ../temp_time_machine/DaisyExamples/libDaisy/build/libdaisy.a(usbd_core.o)
                0x0800df50                USBD_LL_IsoINIncomplete
 .text.USBD_LL_IsoOUTIncomplete
                0x0800df54        0x4 ../temp_time_machine/DaisyExamples/libDaisy/build/libdaisy.a(usbd_core.o)
                0x0800df54                USBD_LL_IsoOUTIncomplete
 .text.USBD_LL_DevConnected
                0x0800df58        0x4 ../temp_time_machine/DaisyExamples/libDaisy/build/libdaisy.a(usbd_core.o)
                0x0800df58                USBD_LL_DevConnected
 .text.USBD_LL_DevDisconnected
                0x0800df5c       0x18 ../temp_time_machine/DaisyExamples/libDaisy/build/libdaisy.a(usbd_core.o)
                0x0800df5c                USBD_LL_DevDisconnected
 .text.USBD_StdDevReq
                0x0800df74      0x300 ../temp_time_machine/DaisyExamples/libDaisy/build/libdaisy.a(usbd_ctlreq.o)
                0x0800df74                USBD_StdDevReq
 .text.USBD_StdItfReq
                0x0800e274       0x68 ../temp_time_machine/DaisyExamples/libDaisy/build/libdaisy.a(usbd_ctlreq.o)
                0x0800e274                USBD_StdItfReq
 .text.USBD_StdEPReq
                0x0800e2dc      0x138 ../temp_time_machine/DaisyExamples/libDaisy/build/libdaisy.a(usbd_ctlreq.o)
                0x0800e2dc                USBD_StdEPReq
 .text.USBD_ParseSetupRequest
                0x0800e414       0x18 ../temp_time_machine/DaisyExamples/libDaisy/build/libdaisy.a(usbd_ctlreq.o)
                0x0800e414                USBD_ParseSetupRequest
 .text.USBD_CtlSendData
                0x0800e42c       0x1c ../temp_time_machine/DaisyExamples/libDaisy/build/libdaisy.a(usbd_ioreq.o)
                0x0800e42c                USBD_CtlSendData
 .text.USBD_CtlContinueSendData
                0x0800e448       0x14 ../temp_time_machine/DaisyExamples/libDaisy/build/libdaisy.a(usbd_ioreq.o)
                0x0800e448                USBD_CtlContinueSendData
 .text.USBD_CtlContinueRx
                0x0800e45c       0x14 ../temp_time_machine/DaisyExamples/libDaisy/build/libdaisy.a(usbd_ioreq.o)
                0x0800e45c                USBD_CtlContinueRx
 .text.USBD_CtlSendStatus
                0x0800e470       0x18 ../temp_time_machine/DaisyExamples/libDaisy/build/libdaisy.a(usbd_ioreq.o)
                0x0800e470                USBD_CtlSendStatus
 .text.USBD_CtlReceiveStatus
                0x0800e488       0x18 ../temp_time_machine/DaisyExamples/libDaisy/build/libdaisy.a(usbd_ioreq.o)
                0x0800e488                USBD_CtlReceiveStatus
 .text.USBH_LL_IncTimer
                0x0800e4a0       0x20 ../temp_time_machine/DaisyExamples/libDaisy/build/libdaisy.a(usbh_core.o)
                0x0800e4a0                USBH_LL_IncTimer
 .text.USBH_LL_PortEnabled
                0x0800e4c0        0x8 ../temp_time_machine/DaisyExamples/libDaisy/build/libdaisy.a(usbh_core.o)
                0x0800e4c0                USBH_LL_PortEnabled
 .text.USBH_LL_PortDisabled
                0x0800e4c8        0x8 ../temp_time_machine/DaisyExamples/libDaisy/build/libdaisy.a(usbh_core.o)
                0x0800e4c8                USBH_LL_PortDisabled
 .text.USBH_LL_Connect
                0x0800e4d0       0x18 ../temp_time_machine/DaisyExamples/libDaisy/build/libdaisy.a(usbh_core.o)
                0x0800e4d0                USBH_LL_Connect
 .text.USBH_LL_Disconnect
                0x0800e4e8       0x2c ../temp_time_machine/DaisyExamples/libDaisy/build/libdaisy.a(usbh_core.o)
                0x0800e4e8                USBH_LL_Disconnect
 .text.USBH_FreePipe
                0x0800e514       0x18 ../temp_time_machine/DaisyExamples/libDaisy/build/libdaisy.a(usbh_pipes.o)
                0x0800e514                USBH_FreePipe
 .text._ZN5daisy6Random4InitEv
                0x0800e52c       0x3c ../temp_time_machine/DaisyExamples/libDaisy/build/libdaisy.a(rng.o)
                0x0800e52c                daisy::Random::Init()
 .text._ZN5daisy9SpiHandle4Impl7InitDmaEv
                0x0800e568       0xec ../temp_time_machine/DaisyExamples/libDaisy/build/libdaisy.a(spi.o)
                0x0800e568                daisy::SpiHandle::Impl::InitDma()
 .text._ZN5daisy9SpiHandle4Impl10StartDmaTxEPhjPFvPvEPFvS3_NS0_6ResultEES3_
                0x0800e654       0x84 ../temp_time_machine/DaisyExamples/libDaisy/build/libdaisy.a(spi.o)
                0x0800e654                daisy::SpiHandle::Impl::StartDmaTx(unsigned char*, unsigned int, void (*)(void*), void (*)(void*, daisy::SpiHandle::Result), void*)
 .text._ZN5daisy9SpiHandle4Impl10StartDmaRxEPhjPFvPvEPFvS3_NS0_6ResultEES3_
                0x0800e6d8       0x84 ../temp_time_machine/DaisyExamples/libDaisy/build/libdaisy.a(spi.o)
                0x0800e6d8                daisy::SpiHandle::Impl::StartDmaRx(unsigned char*, unsigned int, void (*)(void*), void (*)(void*, daisy::SpiHandle::Result), void*)
 .text._ZN5daisy9SpiHandle4Impl12StartDmaRxTxEPhS2_jPFvPvEPFvS3_NS0_6ResultEES3_
                0x0800e75c       0x88 ../temp_time_machine/DaisyExamples/libDaisy/build/libdaisy.a(spi.o)
                0x0800e75c                daisy::SpiHandle::Impl::StartDmaRxTx(unsigned char*, unsigned char*, unsigned int, void (*)(void*), void (*)(void*, daisy::SpiHandle::Result), void*)
 .text._ZN5daisy9SpiHandle4Impl8InitPinsEv
                0x0800e7e4      0x220 ../temp_time_machine/DaisyExamples/libDaisy/build/libdaisy.a(spi.o)
                0x0800e7e4                daisy::SpiHandle::Impl::InitPins()
 .text.HAL_SPI_MspInit
                0x0800ea04      0x1a8 ../temp_time_machine/DaisyExamples/libDaisy/build/libdaisy.a(spi.o)
                0x0800ea04                HAL_SPI_MspInit
 .text.dsy_spi_global_init
                0x0800ebac       0x80 ../temp_time_machine/DaisyExamples/libDaisy/build/libdaisy.a(spi.o)
                0x0800ebac                dsy_spi_global_init
 .text.SPI1_IRQHandler
                0x0800ec2c        0xc ../temp_time_machine/DaisyExamples/libDaisy/build/libdaisy.a(spi.o)
                0x0800ec2c                SPI1_IRQHandler
 .text.SPI2_IRQHandler
                0x0800ec38        0xc ../temp_time_machine/DaisyExamples/libDaisy/build/libdaisy.a(spi.o)
                0x0800ec38                SPI2_IRQHandler
 .text.SPI3_IRQHandler
                0x0800ec44        0xc ../temp_time_machine/DaisyExamples/libDaisy/build/libdaisy.a(spi.o)
                0x0800ec44                SPI3_IRQHandler
 .text.SPI4_IRQHandler
                0x0800ec50        0xc ../temp_time_machine/DaisyExamples/libDaisy/build/libdaisy.a(spi.o)
                0x0800ec50                SPI4_IRQHandler
 .text.SPI5_IRQHandler
                0x0800ec5c        0xc ../temp_time_machine/DaisyExamples/libDaisy/build/libdaisy.a(spi.o)
                0x0800ec5c                SPI5_IRQHandler
 .text.DMA2_Stream2_IRQHandler
                0x0800ec68       0x34 ../temp_time_machine/DaisyExamples/libDaisy/build/libdaisy.a(spi.o)
                0x0800ec68                DMA2_Stream2_IRQHandler
 .text.DMA2_Stream3_IRQHandler
                0x0800ec9c       0x34 ../temp_time_machine/DaisyExamples/libDaisy/build/libdaisy.a(spi.o)
                0x0800ec9c                DMA2_Stream3_IRQHandler
 .text.HAL_SPI_TxCpltCallback
                0x0800ecd0       0xc0 ../temp_time_machine/DaisyExamples/libDaisy/build/libdaisy.a(spi.o)
                0x0800ecd0                HAL_SPI_TxCpltCallback
 .text.HAL_SPI_RxCpltCallback
                0x0800ed90       0xc0 ../temp_time_machine/DaisyExamples/libDaisy/build/libdaisy.a(spi.o)
                0x0800ed90                HAL_SPI_RxCpltCallback
 .text.HAL_SPI_TxRxCpltCallback
                0x0800ee50       0xc0 ../temp_time_machine/DaisyExamples/libDaisy/build/libdaisy.a(spi.o)
                0x0800ee50                HAL_SPI_TxRxCpltCallback
 .text.HAL_SPI_ErrorCallback
                0x0800ef10       0xc8 ../temp_time_machine/DaisyExamples/libDaisy/build/libdaisy.a(spi.o)
                0x0800ef10                HAL_SPI_ErrorCallback
 .text.startup._GLOBAL__sub_I__Z19MapInstanceToHandleP11SPI_TypeDef
                0x0800efd8      0x1bc ../temp_time_machine/DaisyExamples/libDaisy/build/libdaisy.a(spi.o)
 .text.HAL_TIM_Base_MspInit
                0x0800f194      0x19c ../temp_time_machine/DaisyExamples/libDaisy/build/libdaisy.a(tim.o)
                0x0800f194                HAL_TIM_Base_MspInit
 .text.HAL_TIM_PeriodElapsedCallback
                0x0800f330       0x44 ../temp_time_machine/DaisyExamples/libDaisy/build/libdaisy.a(tim.o)
                0x0800f330                HAL_TIM_PeriodElapsedCallback
 .text.TIM2_IRQHandler
                0x0800f374        0xc ../temp_time_machine/DaisyExamples/libDaisy/build/libdaisy.a(tim.o)
                0x0800f374                TIM2_IRQHandler
 .text.TIM3_IRQHandler
                0x0800f380        0xc ../temp_time_machine/DaisyExamples/libDaisy/build/libdaisy.a(tim.o)
                0x0800f380                TIM3_IRQHandler
 .text.TIM4_IRQHandler
                0x0800f38c        0xc ../temp_time_machine/DaisyExamples/libDaisy/build/libdaisy.a(tim.o)
                0x0800f38c                TIM4_IRQHandler
 .text.TIM5_IRQHandler
                0x0800f398        0xc ../temp_time_machine/DaisyExamples/libDaisy/build/libdaisy.a(tim.o)
                0x0800f398                TIM5_IRQHandler
 .text._ZN5daisy11TimerHandle4InitERKNS0_6ConfigE
                0x0800f3a4       0xc8 ../temp_time_machine/DaisyExamples/libDaisy/build/libdaisy.a(tim.o)
                0x0800f3a4                daisy::TimerHandle::Init(daisy::TimerHandle::Config const&)
 .text._ZN5daisy11TimerHandle5StartEv
                0x0800f46c       0x24 ../temp_time_machine/DaisyExamples/libDaisy/build/libdaisy.a(tim.o)
                0x0800f46c                daisy::TimerHandle::Start()
 .text.startup._GLOBAL__sub_I__ZN5daisy11TimerHandle4Impl4InitERKNS0_6ConfigE
                0x0800f490       0x44 ../temp_time_machine/DaisyExamples/libDaisy/build/libdaisy.a(tim.o)
 .text._ZL20UART_CheckRxListenerPN5daisy11UartHandler4ImplE
                0x0800f4d4       0x84 ../temp_time_machine/DaisyExamples/libDaisy/build/libdaisy.a(uart.o)
 .text._ZN5daisy11UartHandler4Impl10StartDmaTxEPhjPFvPvEPFvS3_NS0_6ResultEES3_
                0x0800f558      0x170 ../temp_time_machine/DaisyExamples/libDaisy/build/libdaisy.a(uart.o)
                0x0800f558                daisy::UartHandler::Impl::StartDmaTx(unsigned char*, unsigned int, void (*)(void*), void (*)(void*, daisy::UartHandler::Result), void*)
 .text._ZN5daisy11UartHandler4Impl10StartDmaRxEPhjPFvPvEPFvS3_NS0_6ResultEES3_
                0x0800f6c8      0x170 ../temp_time_machine/DaisyExamples/libDaisy/build/libdaisy.a(uart.o)
                0x0800f6c8                daisy::UartHandler::Impl::StartDmaRx(unsigned char*, unsigned int, void (*)(void*), void (*)(void*, daisy::UartHandler::Result), void*)
 .text._ZN5daisy11UartHandler4Impl19DmaTransferFinishedEP20__UART_HandleTypeDefNS0_6ResultE
                0x0800f838       0xc0 ../temp_time_machine/DaisyExamples/libDaisy/build/libdaisy.a(uart.o)
                0x0800f838                daisy::UartHandler::Impl::DmaTransferFinished(__UART_HandleTypeDef*, daisy::UartHandler::Result)
 .text._ZN5daisy11UartHandler4Impl8InitPinsEv
                0x0800f8f8      0x154 ../temp_time_machine/DaisyExamples/libDaisy/build/libdaisy.a(uart.o)
                0x0800f8f8                daisy::UartHandler::Impl::InitPins()
 .text.HAL_UART_MspInit
                0x0800fa4c      0x20c ../temp_time_machine/DaisyExamples/libDaisy/build/libdaisy.a(uart.o)
                0x0800fa4c                HAL_UART_MspInit
 .text.dsy_uart_global_init
                0x0800fc58       0xfc ../temp_time_machine/DaisyExamples/libDaisy/build/libdaisy.a(uart.o)
                0x0800fc58                dsy_uart_global_init
 .text.USART1_IRQHandler
                0x0800fd54       0x30 ../temp_time_machine/DaisyExamples/libDaisy/build/libdaisy.a(uart.o)
                0x0800fd54                USART1_IRQHandler
 .text.USART2_IRQHandler
                0x0800fd84       0x38 ../temp_time_machine/DaisyExamples/libDaisy/build/libdaisy.a(uart.o)
                0x0800fd84                USART2_IRQHandler
 .text.USART3_IRQHandler
                0x0800fdbc       0x38 ../temp_time_machine/DaisyExamples/libDaisy/build/libdaisy.a(uart.o)
                0x0800fdbc                USART3_IRQHandler
 .text.UART4_IRQHandler
                0x0800fdf4       0x38 ../temp_time_machine/DaisyExamples/libDaisy/build/libdaisy.a(uart.o)
                0x0800fdf4                UART4_IRQHandler
 .text.UART5_IRQHandler
                0x0800fe2c       0x38 ../temp_time_machine/DaisyExamples/libDaisy/build/libdaisy.a(uart.o)
                0x0800fe2c                UART5_IRQHandler
 .text.USART6_IRQHandler
                0x0800fe64       0x38 ../temp_time_machine/DaisyExamples/libDaisy/build/libdaisy.a(uart.o)
                0x0800fe64                USART6_IRQHandler
 .text.UART7_IRQHandler
                0x0800fe9c       0x38 ../temp_time_machine/DaisyExamples/libDaisy/build/libdaisy.a(uart.o)
                0x0800fe9c                UART7_IRQHandler
 .text.UART8_IRQHandler
                0x0800fed4       0x38 ../temp_time_machine/DaisyExamples/libDaisy/build/libdaisy.a(uart.o)
                0x0800fed4                UART8_IRQHandler
 .text.LPUART1_IRQHandler
                0x0800ff0c       0x38 ../temp_time_machine/DaisyExamples/libDaisy/build/libdaisy.a(uart.o)
                0x0800ff0c                LPUART1_IRQHandler
 .text.DMA1_Stream5_IRQHandler
                0x0800ff44       0x34 ../temp_time_machine/DaisyExamples/libDaisy/build/libdaisy.a(uart.o)
                0x0800ff44                DMA1_Stream5_IRQHandler
 .text.DMA2_Stream4_IRQHandler
                0x0800ff78       0x34 ../temp_time_machine/DaisyExamples/libDaisy/build/libdaisy.a(uart.o)
                0x0800ff78                DMA2_Stream4_IRQHandler
 .text.HAL_UART_TxCpltCallback
                0x0800ffac        0x8 ../temp_time_machine/DaisyExamples/libDaisy/build/libdaisy.a(uart.o)
                0x0800ffac                HAL_UART_TxCpltCallback
 .text.HAL_UART_RxCpltCallback
                0x0800ffb4       0x94 ../temp_time_machine/DaisyExamples/libDaisy/build/libdaisy.a(uart.o)
                0x0800ffb4                HAL_UART_RxCpltCallback
 .text.HAL_UART_RxHalfCpltCallback
                0x08010048       0x90 ../temp_time_machine/DaisyExamples/libDaisy/build/libdaisy.a(uart.o)
                0x08010048                HAL_UART_RxHalfCpltCallback
 .text.HAL_UART_ErrorCallback
                0x080100d8        0x8 ../temp_time_machine/DaisyExamples/libDaisy/build/libdaisy.a(uart.o)
                0x080100d8                HAL_UART_ErrorCallback
 .text.startup._GLOBAL__sub_I__Z19MapInstanceToHandleP13USART_TypeDef
                0x080100e0      0x19c ../temp_time_machine/DaisyExamples/libDaisy/build/libdaisy.a(uart.o)
 .text.dsy_dma_init
                0x0801027c      0x100 ../temp_time_machine/DaisyExamples/libDaisy/build/libdaisy.a(dma.o)
                0x0801027c                dsy_dma_init
 .text.dsy_dma_invalidate_cache_for_buffer
                0x0801037c       0x2c ../temp_time_machine/DaisyExamples/libDaisy/build/libdaisy.a(dma.o)
                0x0801037c                dsy_dma_invalidate_cache_for_buffer
 .text.HAL_MDMA_Abort_IT
                0x080103a8       0x28 ../temp_time_machine/DaisyExamples/libDaisy/build/libdaisy.a(stm32h7xx_hal_mdma.o)
                0x080103a8                HAL_MDMA_Abort_IT
 .text.SPI_CloseTransfer
                0x080103d0       0xb8 ../temp_time_machine/DaisyExamples/libDaisy/build/libdaisy.a(stm32h7xx_hal_spi.o)
 .text.HAL_SPI_Init
                0x08010488      0x150 ../temp_time_machine/DaisyExamples/libDaisy/build/libdaisy.a(stm32h7xx_hal_spi.o)
                0x08010488                HAL_SPI_Init
 .text.HAL_SPI_Transmit_DMA
                0x080105d8      0x158 ../temp_time_machine/DaisyExamples/libDaisy/build/libdaisy.a(stm32h7xx_hal_spi.o)
                0x080105d8                HAL_SPI_Transmit_DMA
 .text.HAL_SPI_TransmitReceive_DMA
                0x08010730      0x1f0 ../temp_time_machine/DaisyExamples/libDaisy/build/libdaisy.a(stm32h7xx_hal_spi.o)
                0x08010730                HAL_SPI_TransmitReceive_DMA
 .text.HAL_SPI_Receive_DMA
                0x08010920      0x188 ../temp_time_machine/DaisyExamples/libDaisy/build/libdaisy.a(stm32h7xx_hal_spi.o)
                0x08010920                HAL_SPI_Receive_DMA
 .text.SPI_DMATransmitCplt
                0x08010aa8       0x28 ../temp_time_machine/DaisyExamples/libDaisy/build/libdaisy.a(stm32h7xx_hal_spi.o)
 .text.SPI_DMAReceiveCplt
                0x08010ad0       0x28 ../temp_time_machine/DaisyExamples/libDaisy/build/libdaisy.a(stm32h7xx_hal_spi.o)
 .text.SPI_DMATransmitReceiveCplt
                0x08010af8       0x28 ../temp_time_machine/DaisyExamples/libDaisy/build/libdaisy.a(stm32h7xx_hal_spi.o)
 .text.HAL_SPI_TxHalfCpltCallback
                0x08010b20        0x4 ../temp_time_machine/DaisyExamples/libDaisy/build/libdaisy.a(stm32h7xx_hal_spi.o)
                0x08010b20                HAL_SPI_TxHalfCpltCallback
 .text.SPI_DMAHalfTransmitCplt
                0x08010b24        0xc ../temp_time_machine/DaisyExamples/libDaisy/build/libdaisy.a(stm32h7xx_hal_spi.o)
 .text.HAL_SPI_RxHalfCpltCallback
                0x08010b30        0x4 ../temp_time_machine/DaisyExamples/libDaisy/build/libdaisy.a(stm32h7xx_hal_spi.o)
                0x08010b30                HAL_SPI_RxHalfCpltCallback
 .text.SPI_DMAHalfReceiveCplt
                0x08010b34        0xc ../temp_time_machine/DaisyExamples/libDaisy/build/libdaisy.a(stm32h7xx_hal_spi.o)
 .text.HAL_SPI_TxRxHalfCpltCallback
                0x08010b40        0x4 ../temp_time_machine/DaisyExamples/libDaisy/build/libdaisy.a(stm32h7xx_hal_spi.o)
                0x08010b40                HAL_SPI_TxRxHalfCpltCallback
 .text.SPI_DMAHalfTransmitReceiveCplt
                0x08010b44        0xc ../temp_time_machine/DaisyExamples/libDaisy/build/libdaisy.a(stm32h7xx_hal_spi.o)
 .text.SPI_DMAError
                0x08010b50       0xd8 ../temp_time_machine/DaisyExamples/libDaisy/build/libdaisy.a(stm32h7xx_hal_spi.o)
 .text.HAL_SPI_IRQHandler
                0x08010c28      0x234 ../temp_time_machine/DaisyExamples/libDaisy/build/libdaisy.a(stm32h7xx_hal_spi.o)
                0x08010c28                HAL_SPI_IRQHandler
 .text.SPI_DMAAbortOnError
                0x08010e5c       0x1c ../temp_time_machine/DaisyExamples/libDaisy/build/libdaisy.a(stm32h7xx_hal_spi.o)
 .text.HAL_SPI_GetState
                0x08010e78        0x8 ../temp_time_machine/DaisyExamples/libDaisy/build/libdaisy.a(stm32h7xx_hal_spi.o)
                0x08010e78                HAL_SPI_GetState
 .text.HAL_TIM_Base_Init
                0x08010e80      0x114 ../temp_time_machine/DaisyExamples/libDaisy/build/libdaisy.a(stm32h7xx_hal_tim.o)
                0x08010e80                HAL_TIM_Base_Init
 .text.HAL_TIM_Base_Start
                0x08010f94       0x34 ../temp_time_machine/DaisyExamples/libDaisy/build/libdaisy.a(stm32h7xx_hal_tim.o)
                0x08010f94                HAL_TIM_Base_Start
 .text.HAL_TIM_Base_Start_IT
                0x08010fc8       0x2c ../temp_time_machine/DaisyExamples/libDaisy/build/libdaisy.a(stm32h7xx_hal_tim.o)
                0x08010fc8                HAL_TIM_Base_Start_IT
 .text.HAL_TIM_ConfigClockSource
                0x08010ff4      0x17c ../temp_time_machine/DaisyExamples/libDaisy/build/libdaisy.a(stm32h7xx_hal_tim.o)
                0x08010ff4                HAL_TIM_ConfigClockSource
 .text.HAL_TIM_OC_DelayElapsedCallback
                0x08011170        0x4 ../temp_time_machine/DaisyExamples/libDaisy/build/libdaisy.a(stm32h7xx_hal_tim.o)
                0x08011170                HAL_TIM_OC_DelayElapsedCallback
 .text.HAL_TIM_IC_CaptureCallback
                0x08011174        0x4 ../temp_time_machine/DaisyExamples/libDaisy/build/libdaisy.a(stm32h7xx_hal_tim.o)
                0x08011174                HAL_TIM_IC_CaptureCallback
 .text.HAL_TIM_PWM_PulseFinishedCallback
                0x08011178        0x4 ../temp_time_machine/DaisyExamples/libDaisy/build/libdaisy.a(stm32h7xx_hal_tim.o)
                0x08011178                HAL_TIM_PWM_PulseFinishedCallback
 .text.HAL_TIM_TriggerCallback
                0x0801117c        0x4 ../temp_time_machine/DaisyExamples/libDaisy/build/libdaisy.a(stm32h7xx_hal_tim.o)
                0x0801117c                HAL_TIM_TriggerCallback
 .text.HAL_TIM_IRQHandler
                0x08011180      0x170 ../temp_time_machine/DaisyExamples/libDaisy/build/libdaisy.a(stm32h7xx_hal_tim.o)
                0x08011180                HAL_TIM_IRQHandler
 .text.HAL_TIMEx_MasterConfigSynchronization
                0x080112f0       0x64 ../temp_time_machine/DaisyExamples/libDaisy/build/libdaisy.a(stm32h7xx_hal_tim_ex.o)
                0x080112f0                HAL_TIMEx_MasterConfigSynchronization
 .text.HAL_TIMEx_CommutCallback
                0x08011354        0x4 ../temp_time_machine/DaisyExamples/libDaisy/build/libdaisy.a(stm32h7xx_hal_tim_ex.o)
                0x08011354                HAL_TIMEx_CommutCallback
 .text.HAL_TIMEx_BreakCallback
                0x08011358        0x4 ../temp_time_machine/DaisyExamples/libDaisy/build/libdaisy.a(stm32h7xx_hal_tim_ex.o)
                0x08011358                HAL_TIMEx_BreakCallback
 .text.HAL_TIMEx_Break2Callback
                0x0801135c        0x4 ../temp_time_machine/DaisyExamples/libDaisy/build/libdaisy.a(stm32h7xx_hal_tim_ex.o)
                0x0801135c                HAL_TIMEx_Break2Callback
 .text.HAL_UART_Transmit_DMA
                0x08011360       0x90 ../temp_time_machine/DaisyExamples/libDaisy/build/libdaisy.a(stm32h7xx_hal_uart.o)
                0x08011360                HAL_UART_Transmit_DMA
 .text.HAL_UART_Receive_DMA
                0x080113f0       0x98 ../temp_time_machine/DaisyExamples/libDaisy/build/libdaisy.a(stm32h7xx_hal_uart.o)
                0x080113f0                HAL_UART_Receive_DMA
 .text.UART_DMATransmitCplt
                0x08011488       0x2c ../temp_time_machine/DaisyExamples/libDaisy/build/libdaisy.a(stm32h7xx_hal_uart.o)
 .text.HAL_UART_TxHalfCpltCallback
                0x080114b4        0x4 ../temp_time_machine/DaisyExamples/libDaisy/build/libdaisy.a(stm32h7xx_hal_uart.o)
                0x080114b4                HAL_UART_TxHalfCpltCallback
 .text.UART_DMATxHalfCplt
                0x080114b8        0xc ../temp_time_machine/DaisyExamples/libDaisy/build/libdaisy.a(stm32h7xx_hal_uart.o)
 .text.UART_DMAReceiveCplt
                0x080114c4       0x38 ../temp_time_machine/DaisyExamples/libDaisy/build/libdaisy.a(stm32h7xx_hal_uart.o)
 .text.UART_DMARxHalfCplt